[    0.000000] Linux version 4.15.0-197-generic (buildd@lcy02-amd64-110) (gcc version 7.5.0 (Ubuntu 7.5.0-3ubuntu1~18.04)) #208-Ubuntu SMP Tue Nov 1 17:23:37 UTC 2022 (Ubuntu 4.15.0-197.208-generic 4.15.18)
[    0.000000] Command line: BOOT_IMAGE=/boot/vmlinuz-4.15.0-197-generic root=LABEL=cloudimg-rootfs ro console=tty1 console=ttyS0
[    0.000000] KERNEL supported cpus:
[    0.000000]   Intel GenuineIntel
[    0.000000]   AMD AuthenticAMD
[    0.000000]   Centaur CentaurHauls
[    0.000000] [Firmware Bug]: TSC doesn't count with P0 frequency!
[    0.000000] x86/fpu: Supporting XSAVE feature 0x001: 'x87 floating point registers'
[    0.000000] x86/fpu: Supporting XSAVE feature 0x002: 'SSE registers'
[    0.000000] x86/fpu: Supporting XSAVE feature 0x004: 'AVX registers'
[    0.000000] x86/fpu: xstate_offset[2]:  576, xstate_sizes[2]:  256
[    0.000000] x86/fpu: Enabled xstate features 0x7, context size is 832 bytes, using 'standard' format.
[    0.000000] e820: BIOS-provided physical RAM map:
[    0.000000] BIOS-e820: [mem 0x0000000000000000-0x000000000009fbff] usable
[    0.000000] BIOS-e820: [mem 0x000000000009fc00-0x000000000009ffff] reserved
[    0.000000] BIOS-e820: [mem 0x00000000000f0000-0x00000000000fffff] reserved
[    0.000000] BIOS-e820: [mem 0x0000000000100000-0x000000003ffeffff] usable
[    0.000000] BIOS-e820: [mem 0x000000003fff0000-0x000000003fffffff] ACPI data
[    0.000000] BIOS-e820: [mem 0x00000000fec00000-0x00000000fec00fff] reserved
[    0.000000] BIOS-e820: [mem 0x00000000fee00000-0x00000000fee00fff] reserved
[    0.000000] BIOS-e820: [mem 0x00000000fffc0000-0x00000000ffffffff] reserved
[    0.000000] NX (Execute Disable) protection: active
[    0.000000] SMBIOS 2.5 present.
[    0.000000] DMI: innotek GmbH VirtualBox/VirtualBox, BIOS VirtualBox 12/01/2006
[    0.000000] Hypervisor detected: KVM
[    0.000000] e820: last_pfn = 0x3fff0 max_arch_pfn = 0x400000000
[    0.000000] MTRR: Disabled
[    0.000000] x86/PAT: MTRRs disabled, skipping PAT initialization too.
[    0.000000] CPU MTRRs all blank - virtualized system.
[    0.000000] x86/PAT: Configuration [0-7]: WB  WT  UC- UC  WB  WT  UC- UC  
[    0.000000] found SMP MP-table at [mem 0x0009fff0-0x0009ffff]
[    0.000000] Scanning 1 areas for low memory corruption
[    0.000000] RAMDISK: [mem 0x359c7000-0x36cdafff]
[    0.000000] ACPI: Early table checksum verification disabled
[    0.000000] ACPI: RSDP 0x00000000000E0000 000024 (v02 VBOX  )
[    0.000000] ACPI: XSDT 0x000000003FFF0030 00003C (v01 VBOX   VBOXXSDT 00000001 ASL  00000061)
[    0.000000] ACPI: FACP 0x000000003FFF00F0 0000F4 (v04 VBOX   VBOXFACP 00000001 ASL  00000061)
[    0.000000] ACPI: DSDT 0x000000003FFF0610 002353 (v02 VBOX   VBOXBIOS 00000002 INTL 20100528)
[    0.000000] ACPI: FACS 0x000000003FFF0200 000040
[    0.000000] ACPI: FACS 0x000000003FFF0200 000040
[    0.000000] ACPI: APIC 0x000000003FFF0240 00005C (v02 VBOX   VBOXAPIC 00000001 ASL  00000061)
[    0.000000] ACPI: SSDT 0x000000003FFF02A0 00036C (v01 VBOX   VBOXCPUT 00000002 INTL 20100528)
[    0.000000] ACPI: Reserving FACP table memory at [mem 0x3fff00f0-0x3fff01e3]
[    0.000000] ACPI: Reserving DSDT table memory at [mem 0x3fff0610-0x3fff2962]
[    0.000000] ACPI: Reserving FACS table memory at [mem 0x3fff0200-0x3fff023f]
[    0.000000] ACPI: Reserving FACS table memory at [mem 0x3fff0200-0x3fff023f]
[    0.000000] ACPI: Reserving APIC table memory at [mem 0x3fff0240-0x3fff029b]
[    0.000000] ACPI: Reserving SSDT table memory at [mem 0x3fff02a0-0x3fff060b]
[    0.000000] No NUMA configuration found
[    0.000000] Faking a node at [mem 0x0000000000000000-0x000000003ffeffff]
[    0.000000] NODE_DATA(0) allocated [mem 0x3ffc5000-0x3ffeffff]
[    0.000000] kvm-clock: cpu 0, msr 0:3ff44001, primary cpu clock
[    0.000000] kvm-clock: Using msrs 4b564d01 and 4b564d00
[    0.000000] kvm-clock: using sched offset of 3030405123 cycles
[    0.000000] clocksource: kvm-clock: mask: 0xffffffffffffffff max_cycles: 0x1cd42e4dffb, max_idle_ns: 881590591483 ns
[    0.000000] Zone ranges:
[    0.000000]   DMA      [mem 0x0000000000001000-0x0000000000ffffff]
[    0.000000]   DMA32    [mem 0x0000000001000000-0x000000003ffeffff]
[    0.000000]   Normal   empty
[    0.000000]   Device   empty
[    0.000000] Movable zone start for each node
[    0.000000] Early memory node ranges
[    0.000000]   node   0: [mem 0x0000000000001000-0x000000000009efff]
[    0.000000]   node   0: [mem 0x0000000000100000-0x000000003ffeffff]
[    0.000000] Reserved but unavailable: 104 pages
[    0.000000] Initmem setup node 0 [mem 0x0000000000001000-0x000000003ffeffff]
[    0.000000] ACPI: PM-Timer IO Port: 0x4008
[    0.000000] IOAPIC[0]: apic_id 2, version 32, address 0xfec00000, GSI 0-23
[    0.000000] ACPI: INT_SRC_OVR (bus 0 bus_irq 0 global_irq 2 dfl dfl)
[    0.000000] ACPI: INT_SRC_OVR (bus 0 bus_irq 9 global_irq 9 low level)
[    0.000000] Using ACPI (MADT) for SMP configuration information
[    0.000000] smpboot: Allowing 2 CPUs, 0 hotplug CPUs
[    0.000000] PM: Registered nosave memory: [mem 0x00000000-0x00000fff]
[    0.000000] PM: Registered nosave memory: [mem 0x0009f000-0x0009ffff]
[    0.000000] PM: Registered nosave memory: [mem 0x000a0000-0x000effff]
[    0.000000] PM: Registered nosave memory: [mem 0x000f0000-0x000fffff]
[    0.000000] e820: [mem 0x40000000-0xfebfffff] available for PCI devices
[    0.000000] Booting paravirtualized kernel on KVM
[    0.000000] clocksource: refined-jiffies: mask: 0xffffffff max_cycles: 0xffffffff, max_idle_ns: 7645519600211568 ns
[    0.000000] setup_percpu: NR_CPUS:8192 nr_cpumask_bits:2 nr_cpu_ids:2 nr_node_ids:1
[    0.000000] percpu: Embedded 50 pages/cpu s167936 r8192 d28672 u1048576
[    0.000000] PV qspinlock hash table entries: 256 (order: 0, 4096 bytes)
[    0.000000] Built 1 zonelists, mobility grouping on.  Total pages: 257913
[    0.000000] Policy zone: DMA32
[    0.000000] Kernel command line: BOOT_IMAGE=/boot/vmlinuz-4.15.0-197-generic root=LABEL=cloudimg-rootfs ro console=tty1 console=ttyS0
[    0.000000] Memory: 982644K/1048120K available (12300K kernel code, 2477K rwdata, 4320K rodata, 2472K init, 2720K bss, 65476K reserved, 0K cma-reserved)
[    0.000000] SLUB: HWalign=64, Order=0-3, MinObjects=0, CPUs=2, Nodes=1
[    0.000000] ftrace: allocating 39478 entries in 155 pages
[    0.004000] Hierarchical RCU implementation.
[    0.004000] 	RCU restricting CPUs from NR_CPUS=8192 to nr_cpu_ids=2.
[    0.004000] 	Tasks RCU enabled.
[    0.004000] RCU: Adjusting geometry for rcu_fanout_leaf=16, nr_cpu_ids=2
[    0.004000] NR_IRQS: 524544, nr_irqs: 440, preallocated irqs: 16
[    0.004000] random: crng init done
[    0.004000] Console: colour VGA+ 80x25
[    0.004000] console [tty1] enabled
[    0.004000] console [ttyS0] enabled
[    0.004000] ACPI: Core revision 20170831
[    0.004000] ACPI: 2 ACPI AML tables successfully acquired and loaded
[    0.004000] APIC: Switch to symmetric I/O mode setup
[    0.004000] x2apic enabled
[    0.004000] Switched APIC routing to physical x2apic.
[    0.004000] ..TIMER: vector=0x30 apic1=0 pin1=2 apic2=-1 pin2=-1
[    0.004000] tsc: Detected 2495.312 MHz processor
[    0.004000] Calibrating delay loop (skipped) preset value.. 4990.62 BogoMIPS (lpj=9981248)
[    0.004000] pid_max: default: 32768 minimum: 301
[    0.004000] Security Framework initialized
[    0.004000] Yama: becoming mindful.
[    0.004000] AppArmor: AppArmor initialized
[    0.004000] Dentry cache hash table entries: 131072 (order: 8, 1048576 bytes)
[    0.004000] Inode-cache hash table entries: 65536 (order: 7, 524288 bytes)
[    0.004000] Mount-cache hash table entries: 2048 (order: 2, 16384 bytes)
[    0.004000] Mountpoint-cache hash table entries: 2048 (order: 2, 16384 bytes)
[    0.004000] Last level iTLB entries: 4KB 1024, 2MB 1024, 4MB 512
[    0.004000] Last level dTLB entries: 4KB 1536, 2MB 1536, 4MB 768, 1GB 0
[    0.004000] Spectre V1 : Mitigation: usercopy/swapgs barriers and __user pointer sanitization
[    0.004000] Spectre V2 : Mitigation: Retpolines
[    0.004000] Spectre V2 : Spectre v2 / SpectreRSB mitigation: Filling RSB on context switch
[    0.004000] Freeing SMP alternatives memory: 36K
[    0.117602] APIC calibration not consistent with PM-Timer: 110ms instead of 100ms
[    0.118720] APIC delta adjusted to PM-Timer: 6449349 (7100799)
[    0.119609] smpboot: CPU0: AMD Ryzen 3 2200U with Radeon Vega Mobile Gfx (family: 0x17, model: 0x11, stepping: 0x0)
[    0.120000] Performance Events: PMU not available due to virtualization, using software events only.
[    0.120000] Hierarchical SRCU implementation.
[    0.120000] NMI watchdog: Perf event create on CPU 0 failed with -2
[    0.120005] NMI watchdog: Perf NMI watchdog permanently disabled
[    0.121426] smp: Bringing up secondary CPUs ...
[    0.122571] x86: Booting SMP configuration:
[    0.124004] .... node  #0, CPUs:      #1
[    0.004000] kvm-clock: cpu 1, msr 0:3ff44041, secondary cpu clock
[    0.128026] smp: Brought up 1 node, 2 CPUs
[    0.128845] smpboot: Max logical packages: 1
[    0.129689] smpboot: Total of 2 processors activated (9981.24 BogoMIPS)
[    0.131071] devtmpfs: initialized
[    0.131071] x86/mm: Memory block size: 128MB
[    0.132182] evm: security.selinux
[    0.132916] evm: security.SMACK64
[    0.133616] evm: security.SMACK64EXEC
[    0.134397] evm: security.SMACK64TRANSMUTE
[    0.136003] evm: security.SMACK64MMAP
[    0.136768] evm: security.apparmor
[    0.137459] evm: security.ima
[    0.138079] evm: security.capability
[    0.138988] clocksource: jiffies: mask: 0xffffffff max_cycles: 0xffffffff, max_idle_ns: 7645041785100000 ns
[    0.140019] futex hash table entries: 512 (order: 3, 32768 bytes)
[    0.141328] pinctrl core: initialized pinctrl subsystem
[    0.142529] RTC time: 13:28:00, date: 11/23/22
[    0.144179] NET: Registered protocol family 16
[    0.144998] audit: initializing netlink subsys (disabled)
[    0.145968] audit: type=2000 audit(1669210084.906:1): state=initialized audit_enabled=0 res=1
[    0.148035] cpuidle: using governor ladder
[    0.148840] cpuidle: using governor menu
[    0.148840] ACPI: bus type PCI registered
[    0.148840] acpiphp: ACPI Hot Plug PCI Controller Driver version: 0.5
[    0.149561] PCI: Using configuration type 1 for base access
[    0.152003] PCI: Using configuration type 1 for extended access
[    0.152857] HugeTLB registered 2.00 MiB page size, pre-allocated 0 pages
[    0.153217] ACPI: Added _OSI(Module Device)
[    0.156011] ACPI: Added _OSI(Processor Device)
[    0.156915] ACPI: Added _OSI(3.0 _SCP Extensions)
[    0.157864] ACPI: Added _OSI(Processor Aggregator Device)
[    0.158909] ACPI: Added _OSI(Linux-Dell-Video)
[    0.160004] ACPI: Added _OSI(Linux-Lenovo-NV-HDMI-Audio)
[    0.161207] ACPI: Added _OSI(Linux-HPI-Hybrid-Graphics)
[    0.162728] ACPI: Executed 1 blocks of module-level executable AML code
[    0.168598] ACPI: Interpreter enabled
[    0.169845] ACPI: (supports S0 S5)
[    0.170590] ACPI: Using IOAPIC for interrupt routing
[    0.172000] PCI: Using host bridge windows from ACPI; if necessary, use "pci=nocrs" and report a bug
[    0.172219] ACPI: Enabled 2 GPEs in block 00 to 07
[    0.181177] ACPI: PCI Root Bridge [PCI0] (domain 0000 [bus 00-ff])
[    0.182337] acpi PNP0A03:00: _OSC: OS supports [ExtendedConfig ASPM ClockPM Segments MSI]
[    0.184967] acpi PNP0A03:00: _OSC: platform does not support [PCIeCapability]
[    0.187367] acpi PNP0A03:00: _OSC: not requesting control; platform does not support [PCIeCapability]
[    0.188030] acpi PNP0A03:00: _OSC: OS requested [PCIeHotplug PME AER PCIeCapability]
[    0.189830] acpi PNP0A03:00: _OSC: platform willing to grant [PCIeHotplug PME AER]
[    0.192011] acpi PNP0A03:00: _OSC failed (AE_SUPPORT); disabling ASPM
[    0.196306] PCI host bridge to bus 0000:00
[    0.197355] pci_bus 0000:00: root bus resource [io  0x0000-0x0cf7 window]
[    0.198942] pci_bus 0000:00: root bus resource [io  0x0d00-0xffff window]
[    0.200031] pci_bus 0000:00: root bus resource [mem 0x000a0000-0x000bffff window]
[    0.201822] pci_bus 0000:00: root bus resource [mem 0x40000000-0xfdffffff window]
[    0.203542] pci_bus 0000:00: root bus resource [bus 00-ff]
[    0.205739] pci 0000:00:01.1: legacy IDE quirk: reg 0x10: [io  0x01f0-0x01f7]
[    0.206854] pci 0000:00:01.1: legacy IDE quirk: reg 0x14: [io  0x03f6]
[    0.208005] pci 0000:00:01.1: legacy IDE quirk: reg 0x18: [io  0x0170-0x0177]
[    0.209142] pci 0000:00:01.1: legacy IDE quirk: reg 0x1c: [io  0x0376]
[    0.230969] pci 0000:00:07.0: quirk: [io  0x4000-0x403f] claimed by PIIX4 ACPI
[    0.232018] pci 0000:00:07.0: quirk: [io  0x4100-0x410f] claimed by PIIX4 SMB
[    0.242521] ACPI: PCI Interrupt Link [LNKA] (IRQs 5 9 10 *11)
[    0.243901] ACPI: PCI Interrupt Link [LNKB] (IRQs 5 9 *10 11)
[    0.244118] ACPI: PCI Interrupt Link [LNKC] (IRQs 5 *9 10 11)
[    0.245333] ACPI: PCI Interrupt Link [LNKD] (IRQs 5 9 10 *11)
[    0.246601] SCSI subsystem initialized
[    0.248021] pci 0000:00:02.0: vgaarb: setting as boot VGA device
[    0.249040] pci 0000:00:02.0: vgaarb: VGA device added: decodes=io+mem,owns=io+mem,locks=none
[    0.250515] pci 0000:00:02.0: vgaarb: bridge control possible
[    0.251693] vgaarb: loaded
[    0.252048] ACPI: bus type USB registered
[    0.252890] usbcore: registered new interface driver usbfs
[    0.253925] usbcore: registered new interface driver hub
[    0.254789] usbcore: registered new device driver usb
[    0.255634] EDAC MC: Ver: 3.0.0
[    0.256171] PCI: Using ACPI for IRQ routing
[    0.256813] NetLabel: Initializing
[    0.257288] NetLabel:  domain hash size = 128
[    0.258035] NetLabel:  protocols = UNLABELED CIPSOv4 CALIPSO
[    0.259111] NetLabel:  unlabeled traffic allowed by default
[    0.260277] clocksource: Switched to clocksource kvm-clock
[    0.270770] VFS: Disk quotas dquot_6.6.0
[    0.271418] VFS: Dquot-cache hash table entries: 512 (order 0, 4096 bytes)
[    0.272377] AppArmor: AppArmor Filesystem Enabled
[    0.273140] pnp: PnP ACPI init
[    0.274549] pnp: PnP ACPI: found 3 devices
[    0.282542] clocksource: acpi_pm: mask: 0xffffff max_cycles: 0xffffff, max_idle_ns: 2085701024 ns
[    0.283743] NET: Registered protocol family 2
[    0.284383] IP idents hash table entries: 16384 (order: 5, 131072 bytes)
[    0.285475] TCP established hash table entries: 8192 (order: 4, 65536 bytes)
[    0.286441] TCP bind hash table entries: 8192 (order: 5, 131072 bytes)
[    0.287328] TCP: Hash tables configured (established 8192 bind 8192)
[    0.288652] UDP hash table entries: 512 (order: 2, 16384 bytes)
[    0.289893] UDP-Lite hash table entries: 512 (order: 2, 16384 bytes)
[    0.291159] NET: Registered protocol family 1
[    0.291881] pci 0000:00:00.0: Limiting direct PCI/PCI transfers
[    0.292807] pci 0000:00:01.0: Activating ISA DMA hang workarounds
[    0.293796] pci 0000:00:02.0: Video device with shadowed ROM at [mem 0x000c0000-0x000dffff]
[    0.295236] Unpacking initramfs...
[    0.569658] Freeing initrd memory: 19536K
[    0.570496] clocksource: tsc: mask: 0xffffffffffffffff max_cycles: 0x23f7ed49df2, max_idle_ns: 440795247253 ns
[    0.572005] platform rtc_cmos: registered platform RTC device (no PNP device found)
[    0.573129] Scanning for low memory corruption every 60 seconds
[    0.574571] Initialise system trusted keyrings
[    0.575252] Key type blacklist registered
[    0.575973] workingset: timestamp_bits=36 max_order=18 bucket_order=0
[    0.577624] zbud: loaded
[    0.578538] squashfs: version 4.0 (2009/01/31) Phillip Lougher
[    0.579583] fuse init (API version 7.26)
[    0.583499] Key type asymmetric registered
[    0.584121] Asymmetric key parser 'x509' registered
[    0.584859] Block layer SCSI generic (bsg) driver version 0.4 loaded (major 246)
[    0.585973] io scheduler noop registered
[    0.586536] io scheduler deadline registered
[    0.587162] io scheduler cfq registered (default)
[    0.588051] ACPI: AC Adapter [AC] (on-line)
[    0.588706] input: Power Button as /devices/LNXSYSTM:00/LNXPWRBN:00/input/input0
[    0.589781] ACPI: Power Button [PWRF]
[    0.590387] input: Sleep Button as /devices/LNXSYSTM:00/LNXSLPBN:00/input/input1
[    0.591542] ACPI: Sleep Button [SLPF]
[    0.592384] Serial: 8250/16550 driver, 32 ports, IRQ sharing enabled
[    0.592947] ACPI: Battery Slot [BAT0] (battery present)
[    0.615235] 00:02: ttyS0 at I/O 0x3f8 (irq = 4, base_baud = 115200) is a 16550A
[    0.619130] Linux agpgart interface v0.103
[    0.622117] loop: module loaded
[    0.623478] scsi host0: ata_piix
[    0.624162] scsi host1: ata_piix
[    0.624971] ata1: PATA max UDMA/33 cmd 0x1f0 ctl 0x3f6 bmdma 0xd000 irq 14
[    0.626353] ata2: PATA max UDMA/33 cmd 0x170 ctl 0x376 bmdma 0xd008 irq 15
[    0.628394] tun: Universal TUN/TAP device driver, 1.6
[    0.629533] PPP generic driver version 2.4.2
[    0.630522] ehci_hcd: USB 2.0 'Enhanced' Host Controller (EHCI) Driver
[    0.631884] ehci-pci: EHCI PCI platform driver
[    0.632884] ehci-platform: EHCI generic platform driver
[    0.633973] ohci_hcd: USB 1.1 'Open' Host Controller (OHCI) Driver
[    0.635218] ohci-pci: OHCI PCI platform driver
[    0.636167] ohci-platform: OHCI generic platform driver
[    0.637283] uhci_hcd: USB Universal Host Controller Interface driver
[    0.638654] i8042: PNP: PS/2 Controller [PNP0303:PS2K,PNP0f03:PS2M] at 0x60,0x64 irq 1,12
[    0.641059] serio: i8042 KBD port at 0x60,0x64 irq 1
[    0.642171] serio: i8042 AUX port at 0x60,0x64 irq 12
[    0.643376] mousedev: PS/2 mouse device common for all mice
[    0.645064] input: AT Translated Set 2 keyboard as /devices/platform/i8042/serio0/input/input2
[    0.647343] rtc_cmos rtc_cmos: rtc core: registered rtc_cmos as rtc0
[    0.648942] rtc_cmos rtc_cmos: alarms up to one day, 114 bytes nvram
[    0.650257] i2c /dev entries driver
[    0.651201] device-mapper: uevent: version 1.0.3
[    0.652426] device-mapper: ioctl: 4.37.0-ioctl (2017-09-20) initialised: dm-devel@redhat.com
[    0.653647] ledtrig-cpu: registered to indicate activity on CPUs
[    0.654915] NET: Registered protocol family 10
[    0.659079] Segment Routing with IPv6
[    0.659923] NET: Registered protocol family 17
[    0.661018] Key type dns_resolver registered
[    0.662154] mce: Using 0 MCE banks
[    0.662923] RAS: Correctable Errors collector initialized.
[    0.664048] sched_clock: Marking stable (662106036, 0)->(844692021, -182585985)
[    0.665942] registered taskstats version 1
[    0.666855] Loading compiled-in X.509 certificates
[    0.670232] Loaded X.509 cert 'Build time autogenerated kernel key: ffc9dd3886e7b6bb89620497cc57c4262b59bc54'
[    0.672377] Loaded X.509 cert 'Canonical Ltd. Live Patch Signing: 14df34d1a87cf37625abec039ef2bf521249b969'
[    0.674885] Loaded X.509 cert 'Canonical Ltd. Kernel Module Signing: 88f752e560a1e0737e31163a466ad7b70a850c19'
[    0.676764] blacklist: Loading compiled-in revocation X.509 certificates
[    0.677937] Loaded X.509 cert 'Canonical Ltd. Secure Boot Signing: 61482aa2830d0ab2ad5af10b7250da9033ddcef0'
[    0.679641] zswap: loaded using pool lzo/zbud
[    0.683232] Key type big_key registered
[    0.684071] Key type trusted registered
[    0.686201] Key type encrypted registered
[    0.686814] AppArmor: AppArmor sha1 policy hashing enabled
[    0.687568] ima: No TPM chip found, activating TPM-bypass! (rc=-19)
[    0.688480] ima: Allocated hash algorithm: sha1
[    0.689158] evm: HMAC attrs: 0x1
[    0.689845]   Magic number: 14:65:484
[    0.690492] rtc_cmos rtc_cmos: setting system clock to 2022-11-23 13:28:00 UTC (1669210080)
[    0.691703] BIOS EDD facility v0.16 2004-Jun-25, 0 devices found
[    0.692591] EDD information not available.
[    0.815626] Freeing unused kernel image memory: 2472K
[    0.828327] Write protecting the kernel read-only data: 20480k
[    0.830157] Freeing unused kernel image memory: 2008K
[    0.831561] Freeing unused kernel image memory: 1824K
[    0.842658] x86/mm: Checked W+X mappings: passed, no W+X pages found.
Loading, please wait...
starting version 237
[    0.904887] e1000: Intel(R) PRO/1000 Network Driver - version 7.3.21-k8-NAPI
[    0.906224] e1000: Copyright (c) 1999-2006 Intel Corporation.
[    0.908006] Fusion MPT base driver 3.04.20
[    0.909742] Copyright (c) 1999-2008 LSI Corporation
[    0.919046] Fusion MPT SPI Host driver 3.04.20
[    0.934650] AVX2 version of gcm_enc/dec engaged.
[    0.935422] AES CTR mode by8 optimization enabled
[    1.132207] input: ImExPS/2 Generic Explorer Mouse as /devices/platform/i8042/serio1/input/input4
[    1.586194] e1000 0000:00:03.0 eth0: (PCI:33MHz:32-bit) 02:a6:12:9f:2a:1a
[    1.587717] e1000 0000:00:03.0 eth0: Intel(R) PRO/1000 Network Connection
[    1.590412] e1000 0000:00:03.0 enp0s3: renamed from eth0
[    1.590591] mptbase: ioc0: Initiating bringup
[    1.708626] ioc0: LSI53C1030 A0: Capabilities={Initiator}
[    1.951223] scsi host2: ioc0: LSI53C1030 A0, FwRev=00000000h, Ports=1, MaxQ=256, IRQ=20
[    3.093228] scsi 2:0:0:0: Direct-Access     VBOX     HARDDISK         1.0  PQ: 0 ANSI: 5
[    3.128158] scsi target2:0:0: Beginning Domain Validation
[    3.132061] scsi target2:0:0: Domain Validation skipping write tests
[    3.134829] scsi target2:0:0: Ending Domain Validation
[    3.137433] scsi target2:0:0: asynchronous
[    3.139536] scsi 2:0:1:0: Direct-Access     VBOX     HARDDISK         1.0  PQ: 0 ANSI: 5
[    3.820550] scsi target2:0:1: Beginning Domain Validation
[    3.822839] scsi target2:0:1: Domain Validation skipping write tests
[    3.824115] scsi target2:0:1: Ending Domain Validation
[    3.825412] scsi target2:0:1: asynchronous
[    3.831457] sd 2:0:0:0: Attached scsi generic sg0 type 0
[    3.833244] sd 2:0:1:0: Attached scsi generic sg1 type 0
[    3.835862] sd 2:0:0:0: [sda] 83886080 512-byte logical blocks: (42.9 GB/40.0 GiB)
[    3.836043] sd 2:0:1:0: [sdb] 20480 512-byte logical blocks: (10.5 MB/10.0 MiB)
[    3.839168] sd 2:0:0:0: [sda] Write Protect is off
[    3.839199] sd 2:0:1:0: [sdb] Write Protect is off
[    3.841241] sd 2:0:0:0: [sda] Incomplete mode parameter data
[    3.842390] sd 2:0:0:0: [sda] Assuming drive cache: write through
[    3.843659] sd 2:0:1:0: [sdb] Incomplete mode parameter data
[    3.844946] sd 2:0:1:0: [sdb] Assuming drive cache: write through
[    3.847364]  sda: sda1
[    3.848683] sd 2:0:0:0: [sda] Attached SCSI disk
[    3.848812] sd 2:0:1:0: [sdb] Attached SCSI disk
Begin: Loading essential drivers ... [    5.340427] raid6: sse2x1   gen()  7050 MB/s
[    5.388217] raid6: sse2x1   xor()  4697 MB/s
[    5.436214] raid6: sse2x2   gen() 13235 MB/s
[    5.484170] raid6: sse2x2   xor()  9119 MB/s
[    5.532134] raid6: sse2x4   gen() 14723 MB/s
[    5.580095] raid6: sse2x4   xor()  3284 MB/s
[    5.628646] raid6: avx2x1   gen() 13266 MB/s
[    5.676092] raid6: avx2x1   xor()  9515 MB/s
[    5.724506] raid6: avx2x2   gen() 18042 MB/s
[    5.772276] raid6: avx2x2   xor() 11214 MB/s
[    5.820243] raid6: avx2x4   gen() 12773 MB/s
[    5.868344] raid6: avx2x4   xor()  9539 MB/s
[    5.869066] raid6: using algorithm avx2x2 gen() 18042 MB/s
[    5.869810] raid6: .... xor() 11214 MB/s, rmw enabled
[    5.870513] raid6: using avx2x2 recovery algorithm
[    5.873095] xor: automatically using best checksumming function   avx       
[    5.875271] async_tx: api initialized (async)
done.
Begin: Running /scripts/init-premount ... done.
Begin: Mounting root file system ... Begin: Running /scripts/local-top ... done.
Begin: Running /scripts/local-premount ... [    5.919006] Btrfs loaded, crc32c=crc32c-intel
Scanning for Btrfs filesystems
done.
Warning: fsck not present, so skipping root file system
[    5.947393] EXT4-fs (sda1): mounted filesystem with ordered data mode. Opts: (null)
done.
Begin: Running /scripts/local-bottom ... done.
Begin: Running /scripts/init-bottom ... done.
[    6.075675] ip_tables: (C) 2000-2006 Netfilter Core Team
[    6.083550] systemd[1]: systemd 237 running in system mode. (+PAM +AUDIT +SELINUX +IMA +APPARMOR +SMACK +SYSVINIT +UTMP +LIBCRYPTSETUP +GCRYPT +GNUTLS +ACL +XZ +LZ4 +SECCOMP +BLKID +ELFUTILS +KMOD -IDN2 +IDN -PCRE2 default-hierarchy=hybrid)
[    6.087098] systemd[1]: Detected virtualization oracle.
[    6.088576] systemd[1]: Detected architecture x86-64.

Welcome to [1mUbuntu 18.04.6 LTS[0m!

[    6.093915] systemd[1]: Set hostname to <ubuntu>.
[    6.097300] systemd[1]: Initializing machine ID from random generator.
[    6.098380] systemd[1]: Installed transient /etc/machine-id file.
[    6.337038] systemd[1]: Set up automount Arbitrary Executable File Formats File System Automount Point.
[[0;32m  OK  [0m] Set up automount Arbitrary Executabâ€¦rmats File System Automount Point.
[    6.340513] systemd[1]: Created slice User and Session Slice.
[[0;32m  OK  [0m] Created slice User and Session Slice.
[    6.341988] systemd[1]: Reached target Swap.
[[0;32m  OK  [0m] Reached target Swap.
[    6.355596] systemd[1]: Reached target System Time Synchronized.
[[0;32m  OK  [0m] Reached target System Time Synchronized.
[[0;32m  OK  [0m] Created slice System Slice.
[[0;32m  OK  [0m] Listening on fsck to fsckd communication Socket.
[[0;32m  OK  [0m] Listening on Network Service Netlink Socket.
[[0;32m  OK  [0m] Listening on Journal Socket.
[[0;32m  OK  [0m] Listening on udev Kernel Socket.
[[0;32m  OK  [0m] Listening on LVM2 poll daemon socket.
[[0;32m  OK  [0m] Listening on Device-mapper event daemon FIFOs.
[[0;32m  OK  [0m] Listening on LVM2 metadata daemon socket.
[[0;32m  OK  [0m] Listening on Syslog Socket.
[[0;32m  OK  [0m] Listening on /dev/initctl Compatibility Named Pipe.
         Mounting Huge Pages File System...
[[0;32m  OK  [0m] Listening on Journal Socket (/dev/log).
         Starting Uncomplicated firewall...
[[0;32m  OK  [0m] Listening on Journal Audit Socket.
         Starting Journal Service...
         Starting Load Kernel Modules...
         Starting Monitoring of LVM2 mirrorsâ€¦ng dmeventd or progress polling...
         Mounting POSIX Message Queue File System...
         Starting File System Check on Root Device...
         Mounting Kernel Debug File System...
[[0;32m  OK  [0m] Started Forward Password Requests to Wall Directory Watch.
[[0;32m  OK  [0m] Created slice system-serial\x2dgetty.slice.
[[0;32m  OK  [0m] Reached target Slices.
         Starting Create list of required stâ€¦ce nodes for the current kernel...
         Starting Set the console keyboard layout...
[[0;32m  OK  [0m] Reached target User and Group Name Lookups.
[[0;32m  OK  [0m] Listening on udev Control Socket.
         Starting udev Coldplug all Devices...
[[0;32m  OK  [0m] Mounted Huge Pages File System.
[[0;32m  OK  [0m] Started Uncomplicated firewall.
[[0;32m  OK  [0m] Mounted POSIX Message Queue File System.
[[0;32m  OK  [0m] Mounted Kernel Debug File System.
[[0;32m  OK  [0m] Started LVM2 metadata daemon.
[[0;32m  OK  [0m] Started Journal Service.
[[0;32m  OK  [0m] Started File System Check Daemon to report status.
[    6.435236] Loading iSCSI transport class v2.0-870.
[    6.441687] iscsi: registered transport (tcp)
[[0;32m  OK  [0m] Started Create list of required staâ€¦vice nodes for the current kernel.
         Starting Create Static Device Nodes in /dev...
[[0;32m  OK  [0m] Started udev Coldplug all Devices.
[[0;32m  OK  [0m] Started File System Check on Root Device.
         Starting Remount Root and Kernel File Systems...
[    6.527688] iscsi: registered transport (iser)
[[0;32m  OK  [0m] Started Load Kernel Modules.
         Mounting Kernel Configuration File System...
         Mounting FUSE Control File System...
         Starting Apply Kernel Variables...
[[0;32m  OK  [0m] Started Create Static Device Nodes in /dev.
[[0;32m  OK  [0m] Mounted Kernel Configuration File System.
[[0;32m  OK  [0m] Started Monitoring of LVM2 mirrors,â€¦sing dmeventd or progress polling.
[[0;32m  OK  [0m] Mounted FUSE Control File System.
[[0;32m  OK  [0m] Started Remount Root and Kernel File Systems.
         Starting Flush Journal to Persistent Storage...
         Starting udev Kernel Device Manager...
         Starting Load/Save Random Seed...
[[0;32m  OK  [0m] Started Apply Kernel Variables.
[[0;32m  OK  [0m] Started Load/Save Random Seed.
[[0;32m  OK  [0m] Started udev Kernel Device Manager.
[[0;32m  OK  [0m] Started Flush Journal to Persistent Storage.
[[0;32m  OK  [0m] Found device /dev/ttyS0.
[[0;32m  OK  [0m] Listening on Load/Save RF Kill Switch Status /dev/rfkill Watch.
         Mounting Arbitrary Executable File Formats File System...
[[0;32m  OK  [0m] Mounted Arbitrary Executable File Formats File System.
[[0;32m  OK  [0m] Started Set the console keyboard layout.
[[0;32m  OK  [0m] Started Dispatch Password Requests to Console Directory Watch.
[[0;32m  OK  [0m] Reached target Local Encrypted Volumes.
[[0;32m  OK  [0m] Reached target Local File Systems (Pre).
[[0;32m  OK  [0m] Reached target Local File Systems.
         Starting Create Volatile Files and Directories...
         Starting Set console font and keymap...
         Starting AppArmor initialization...
         Starting Commit a transient machine-id on disk...
         Starting Tell Plymouth To Write Out Runtime Data...
         Starting ebtables ruleset management...
[[0;32m  OK  [0m] Started Tell Plymouth To Write Out Runtime Data.
[[0;32m  OK  [0m] Started Create Volatile Files and Directories.
         Starting Update UTMP about System Boot/Shutdown...
[[0;32m  OK  [0m] Started Update UTMP about System Boot/Shutdown.
[[0;32m  OK  [0m] Started Commit a transient machine-id on disk.
[[0;32m  OK  [0m] Started ebtables ruleset management.
[[0;32m  OK  [0m] Started Set console font and keymap.
[[0;32m  OK  [0m] Started AppArmor initialization.
         Starting Initial cloud-init job (pre-networking)...
         Starting Load AppArmor profiles managed internally by snapd...
[[0;32m  OK  [0m] Started Load AppArmor profiles managed internally by snapd.
[    9.355555] cloud-init[882]: Cloud-init v. 22.3.4-0ubuntu1~18.04.1 running 'init-local' at Wed, 23 Nov 2022 13:28:08 +0000. Up 9.05 seconds.
[[0;32m  OK  [0m] Started Initial cloud-init job (pre-networking).
[[0;32m  OK  [0m] Reached target Network (Pre).
         Starting Network Service...
[[0;32m  OK  [0m] Started Network Service.
         Starting Wait for Network to be Configured...
         Starting Network Name Resolution...
[[0;32m  OK  [0m] Started Network Name Resolution.
[[0;32m  OK  [0m] Reached target Host and Network Name Lookups.
[[0;32m  OK  [0m] Reached target Network.
[[0;32m  OK  [0m] Started Wait for Network to be Configured.
         Starting Initial cloud-init job (metadata service crawler)...
[   11.757970] cloud-init[1017]: Cloud-init v. 22.3.4-0ubuntu1~18.04.1 running 'init' at Wed, 23 Nov 2022 13:28:11 +0000. Up 11.60 seconds.
[   11.759907] cloud-init[1017]: ci-info: ++++++++++++++++++++++++++++++++++++++Net device info++++++++++++++++++++++++++++++++++++++
[   11.761429] cloud-init[1017]: ci-info: +--------+------+----------------------------+---------------+--------+-------------------+
[   11.762997] cloud-init[1017]: ci-info: | Device |  Up  |          Address           |      Mask     | Scope  |     Hw-Address    |
[   11.772593] cloud-init[1017]: ci-info: +--------+------+----------------------------+---------------+--------+-------------------+
[   11.774415] cloud-init[1017]: ci-info: | enp0s3 | True |         10.0.2.15          | 255.255.255.0 | global | 02:a6:12:9f:2a:1a |
[   11.776377] cloud-init[1017]: ci-info: | enp0s3 | True | fe80::a6:12ff:fe9f:2a1a/64 |       .       |  link  | 02:a6:12:9f:2a:1a |
[   11.778270] cloud-init[1017]: ci-info: |   lo   | True |         127.0.0.1          |   255.0.0.0   |  host  |         .         |
[   11.780267] cloud-init[1017]: ci-info: |   lo   | True |          ::1/128           |       .       |  host  |         .         |
[   11.782156] cloud-init[1017]: ci-info: +--------+------+----------------------------+---------------+--------+-------------------+
[   11.783753] cloud-init[1017]: ci-info: ++++++++++++++++++++++++++++Route IPv4 info+++++++++++++++++++++++++++++
[   11.785005] cloud-init[1017]: ci-info: +-------+-------------+----------+-----------------+-----------+-------+
[   11.796380] cloud-init[1017]: ci-info: | Route | Destination | Gateway  |     Genmask     | Interface | Flags |
[   11.797847] cloud-init[1017]: ci-info: +-------+-------------+----------+-----------------+-----------+-------+
[   11.799306] cloud-init[1017]: ci-info: |   0   |   0.0.0.0   | 10.0.2.2 |     0.0.0.0     |   enp0s3  |   UG  |
[   11.800956] cloud-init[1017]: ci-info: |   1   |   10.0.2.0  | 0.0.0.0  |  255.255.255.0  |   enp0s3  |   U   |
[   11.802533] cloud-init[1017]: ci-info: |   2   |   10.0.2.2  | 0.0.0.0  | 255.255.255.255 |   enp0s3  |   UH  |
[   11.804106] cloud-init[1017]: ci-info: +-------+-------------+----------+-----------------+-----------+-------+
[   11.805693] cloud-init[1017]: ci-info: +++++++++++++++++++Route IPv6 info+++++++++++++++++++
[   11.807067] cloud-init[1017]: ci-info: +-------+-------------+---------+-----------+-------+
[   11.808406] cloud-init[1017]: ci-info: | Route | Destination | Gateway | Interface | Flags |
[   11.810550] cloud-init[1017]: ci-info: +-------+-------------+---------+-----------+-------+
[   11.811892] cloud-init[1017]: ci-info: |   1   |  fe80::/64  |    ::   |   enp0s3  |   U   |
[   11.813381] cloud-init[1017]: ci-info: |   3   |    local    |    ::   |   enp0s3  |   U   |
[   11.814335] cloud-init[1017]: ci-info: |   4   |   ff00::/8  |    ::   |   enp0s3  |   U   |
[   11.815555] cloud-init[1017]: ci-info: +-------+-------------+---------+-----------+-------+
[   12.406479] cloud-init[1017]: Generating public/private rsa key pair.
[   12.416305] cloud-init[1017]: Your identification has been saved in /etc/ssh/ssh_host_rsa_key.
[   12.418153] cloud-init[1017]: Your public key has been saved in /etc/ssh/ssh_host_rsa_key.pub.
[   12.419908] cloud-init[1017]: The key fingerprint is:
[   12.421290] cloud-init[1017]: SHA256:deaj0WOOWDxfvV517XkLuUcjrS9x4XfIYNwVFf9QZ4g root@ubuntu-bionic
[   12.422432] cloud-init[1017]: The key's randomart image is:
[   12.423204] cloud-init[1017]: +---[RSA 2048]----+
[   12.423932] cloud-init[1017]: |             . +O|
[   12.425179] cloud-init[1017]: |            E .o+|
[   12.428293] cloud-init[1017]: |          ..o....|
[   12.429545] cloud-init[1017]: |         o =+ .+o|
[   12.430624] cloud-init[1017]: |        S =.*o+.B|
[   12.431801] cloud-init[1017]: |         o O *+BB|
[   12.432714] cloud-init[1017]: |        . o oo*oB|
[   12.433526] cloud-init[1017]: |             o+.+|
[   12.434525] cloud-init[1017]: |             .++ |
[   12.435434] cloud-init[1017]: +----[SHA256]-----+
[   12.448763] cloud-init[1017]: Generating public/private dsa key pair.
[   12.450037] cloud-init[1017]: Your identification has been saved in /etc/ssh/ssh_host_dsa_key.
[   12.451462] cloud-init[1017]: Your public key has been saved in /etc/ssh/ssh_host_dsa_key.pub.
[   12.453129] cloud-init[1017]: The key fingerprint is:
[   12.454315] cloud-init[1017]: SHA256:wimfaT0rcmYKWuRxfNPZBY0+LyGzYaifIRK/Eq9b4p4 root@ubuntu-bionic
[   12.456178] cloud-init[1017]: The key's randomart image is:
[   12.457597] cloud-init[1017]: +---[DSA 1024]----+
[   12.458689] cloud-init[1017]: |          .o     |
[   12.460041] cloud-init[1017]: |          ...    |
[   12.461542] cloud-init[1017]: |       . .  .    |
[   12.463102] cloud-init[1017]: |  .. ..o=o+.     |
[   12.464515] cloud-init[1017]: |  oo+.*.S=.+     |
[   12.465850] cloud-init[1017]: | ooo++.*. . .    |
[   12.466927] cloud-init[1017]: |  =+.+=oo  .     |
[   12.468551] cloud-init[1017]: | +.=+.B  o       |
[   12.469869] cloud-init[1017]: |..E+.* ..        |
[   12.471144] cloud-init[1017]: +----[SHA256]-----+
[   12.472524] cloud-init[1017]: Generating public/private ecdsa key pair.
[   12.474261] cloud-init[1017]: Your identification has been saved in /etc/ssh/ssh_host_ecdsa_key.
[   12.476296] cloud-init[1017]: Your public key has been saved in /etc/ssh/ssh_host_ecdsa_key.pub.
[[0;32m  OK  [0m] Started Initial cloud-init job (metadata service crawler).
[[0;32m  OK  [0m] Reached target Cloud-config availability.
[[0;32m  OK  [0m] Reached target Network is Online.
[   12.480418] cloud-init[1017]: The key fingerprint is:         Starting Availability of block devices...
[[0;32m  OK  [0m] Reached target Remote File Systems (Pre).
[[0;32m  OK  [0m] Reached target Remote File Systems.
[[0;32m  OK  [0m] Reached target System Initialization.

[[0;32m  OK  [0m] Listening on UUID daemon activation socket.
[[0;32m  OK  [0m] Started Daily apt download activities.
         Starting LXD - unix socket.
[[0;32m  OK  [0m] Started Daily Cleanup of Temporary Directories.
[[0;32m  OK  [0m] Started Daily apt upgrade and clean activities.
[[0;32m  OK  [0m] Listening on cloud-init hotplug hook socket.
[[0;32m  OK  [0m] Listening on ACPID Listen Socket.
[   12.491602] cloud-init[1017]: SHA256:XHd0c60W0HOogdJrsY7fQnnP+gITiisJPjHIZfv7XaY root@ubuntu-bionic[[0;32m  OK  [0m] Started Message of the Day.
[[0;32m  OK  [0m] Listening on D-Bus System Message Bus Socket.
[[0;32m  OK  [0m] Started Ubuntu Advantage Timer for running repeated jobs.

[[0;32m  OK  [0m] Started ACPI Events Check.
[[0;32m  OK  [0m] Listening on Open-iSCSI iscsid Socket.
         Starting Socket activation for snappy daemon.
[[0;32m  OK  [0m] Started Discard unused blocks once a week.
[[0;32m  OK  [0m] Reached target Timers.
[[0;32m  OK  [0m] Reached target Paths.
[[0;32m  OK  [0m] Started Availability of block devices.
[   12.508333] cloud-init[1017]: The key's randomart image is:
[   12.509820] cloud-init[1017]: +---[ECDSA 256]---+
[[0;32m  OK  [0m] Listening on LXD - unix socket.
[   12.509964] cloud-init[1017]: |         . ..o.o+|
[   12.521399] cloud-init[1017]: |        . + ..=.=|
[[0;32m  OK  [0m] Listening on Socket activation for snappy daemon.
[   12.524851] cloud-init[[0;32m  OK  [0m] Reached target Sockets.
[[0;32m  OK  [0m] Reached target Basic System.
[1017]: |         ..+.o.= |
[   12.526787] cloud-init[[0;32m  OK  [0m] Started Regular background program processing daemon.
[1017]: |   o   . .=...o  |
[   12.528475] cloud-init[1017]: |..o .  .S= o .   |         Starting Snap Daemon...

[   12.530928] cloud-init[1017]: |..+.  . o * .    |[[0;32m  OK  [0m] Started irqbalance daemon.

[   12.532514] cloud-init[1017]: | . +.. . o B o   |
         Starting Pollinate to seed the pseudo random number generator...
         Starting LSB: automatic crash report generation...
         Starting System Logging Service...
[[0;32m  OK  [0m] Reached target Login Prompts (Pre).
[   12.539273] cloud-init[1017]: |  o o.. . * o o  |
[   12.545314] cloud-init[1017]: |   . oo. E ..+.  |         Starting Virtualbox guest utils...

[   12.547666] cloud-init[1017]: +----[SHA256]-----+
[   12.548923] [[0;32m  OK  [0m] Started Deferred execution scheduler.
cloud-init         Starting Permit User Sessions...
[1017]: Generating public/private ed25519 key pair.
[   12.551949] cloud-init[1017]: [[0;32m  OK  [0m] Started FUSE filesystem for LXC.
Your identification has been saved in /etc/ssh/ssh_host_ed25519_key.
         Starting LSB: Record successful boot for GRUB...
[   12.556513] cloud-init[1017]: Your public key has been saved in /etc/ssh/ssh_host_ed25519_key.pub.
         Starting Accounts Service...
[   12.559964] cloud-init[1017]: The key fingerprint is:         Starting Login Service...
[[0;32m  OK  [0m] Started D-Bus System Message Bus.

[   12.568009] cloud-init[1017]: SHA256:i4z/P2jhJkxirFhCUDOyDPbvnRZRISTNWZqFDvkfBYI root@ubuntu-bionic
[   12.572146] cloud-init[1017]: The key's randomart image is:
[   12.573728] cloud-init[1017]: +--[ED25519 256]--+
[   12.574636] cloud-init[1017]: |oo+  .*++*o      |
[   12.575637] cloud-init[1017]: |=o.o E.=B  .     |
[   12.576990] cloud-init[1017]: |o. .  ++  .      |
[   12.578802] cloud-init[1017]: | .  .  o..       |
[   12.580419] cloud-init[1017]: |.  . . .S .      |
[   12.582105] cloud-init[1017]: |. . =oo.+o       |
[   12.583634] cloud-init[1017]: | + o.=o=.o       |
[   12.585377] cloud-init[1017]: |. .  .+ = .      |
[   12.587080] cloud-init[1017]: |      .=....     |
[   12.588296] cloud-init[1017]: +----[SHA256]-----+
         Starting Dispatcher daemon for systemd-networkd...
         Starting LXD - container startup/shutdown...
[[0;32m  OK  [0m] Started System Logging Service.
[[0;32m  OK  [0m] Started Permit User Sessions.
[[0;32m  OK  [0m] Started Login Service.
[[0;32m  OK  [0m] Started LSB: automatic crash report generation.
         Starting Authorization Manager...
[[0;32m  OK  [0m] Started Unattended Upgrades Shutdown.
         Starting Terminate Plymouth Boot Screen...
         Starting Hold until boot process finishes up...
[[0;32m  OK  [0m] Started Hold until boot process finishes up.
[[0;32m  OK  [0m] Started Serial Getty on ttyS0.
         Starting Set console scheme...
[[0;32m  OK  [0m] Started Terminate Plymouth Boot Screen.
[[0;32m  OK  [0m] Started Set console scheme.
[[0;32m  OK  [0m] Started LSB: Record successful boot for GRUB.
[[0;32m  OK  [0m] Created slice system-getty.slice.
[[0;32m  OK  [0m] Started Getty on tty1.
[[0;32m  OK  [0m] Reached target Login Prompts.
[[0;32m  OK  [0m] Started Authorization Manager.
[[0;32m  OK  [0m] Started Accounts Service.
[[0;32m  OK  [0m] Started Virtualbox guest utils.
[[0;32m  OK  [0m] Started LXD - container startup/shutdown.
[[0;32m  OK  [0m] Started Dispatcher daemon for systemd-networkd.
[[0;32m  OK  [0m] Started Snap Daemon.
         Starting Wait until snapd is fully seeded...
         Starting Time & Date Service...
[[0;32m  OK  [0m] Started Time & Date Service.
[[0;32m  OK  [0m] Started Pollinate to seed the pseudo random number generator.
         Starting OpenBSD Secure Shell server...
[[0;32m  OK  [0m] Started OpenBSD Secure Shell server.
[[0;32m  OK  [0m] Created slice User Slice of vagrant.
         Starting User Manager for UID 1000...
[[0;32m  OK  [0m] Started Session 1 of user vagrant.
[[0;32m  OK  [0m] Started User Manager for UID 1000.
[[0;32m  OK  [0m] Started Wait until snapd is fully seeded.
         Starting Apply the settings specified in cloud-config...
[   17.156602] cloud-init[1615]: Cloud-init v. 22.3.4-0ubuntu1~18.04.1 running 'modules:config' at Wed, 23 Nov 2022 13:28:16 +0000. Up 16.22 seconds.
[[0;32m  OK  [0m] Started Apply the settings specified in cloud-config.
[[0;32m  OK  [0m] Reached target Multi-User System.
[[0;32m  OK  [0m] Reached target Graphical Interface.
         Starting Update UTMP about System Runlevel Changes...
         Starting Execute cloud user/final scripts...
[[0;32m  OK  [0m] Started Update UTMP about System Runlevel Changes.
ci-info: no authorized SSH keys fingerprints found for user ubuntu.<14>Nov 23 13:28:17 cloud-init: #############################################################
<14>Nov 23 13:28:17 cloud-init: -----BEGIN SSH HOST KEY FINGERPRINTS-----
<14>Nov 23 13:28:17 cloud-init: 1024 SHA256:wimfaT0rcmYKWuRxfNPZBY0+LyGzYaifIRK/Eq9b4p4 root@ubuntu-bionic (DSA)
<14>Nov 23 13:28:17 cloud-init: 256 SHA256:XHd0c60W0HOogdJrsY7fQnnP+gITiisJPjHIZfv7XaY root@ubuntu-bionic (ECDSA)
<14>Nov 23 13:28:17 cloud-init: 256 SHA256:i4z/P2jhJkxirFhCUDOyDPbvnRZRISTNWZqFDvkfBYI root@ubuntu-bionic (ED25519)
<14>Nov 23 13:28:17 cloud-init: 2048 SHA256:deaj0WOOWDxfvV517XkLuUcjrS9x4XfIYNwVFf9QZ4g root@ubuntu-bionic (RSA)
<14>Nov 23 13:28:17 cloud-init: -----END SSH HOST KEY FINGERPRINTS-----
<14>Nov 23 13:28:17 cloud-init: #############################################################
-----BEGIN SSH HOST KEY KEYS-----
ecdsa-sha2-nistp256 AAAAE2VjZHNhLXNoYTItbmlzdHAyNTYAAAAIbmlzdHAyNTYAAABBBAH2OlErCws1k8UF9PPyYCd2XZ0X9lrvquvQoS1deje8VK46Ti+QX6xfm0xSUE1sRdFbTuNBszXQD66gaLAKXJo= root@ubuntu-bionic
ssh-ed25519 AAAAC3NzaC1lZDI1NTE5AAAAINM+RHeRX2toeycNKHWH4IE0lK9oioMyOiwgF1UM+qqd root@ubuntu-bionic
ssh-rsa AAAAB3NzaC1yc2EAAAADAQABAAABAQDSPVul7QCA9voWYy0zvoBJsSb6Irnf1a3xvQTo2HcemBNNOHMXNtx+0BQStiFa4Kdtc/IhvUprRLITdjI7uWeceGvwjg3ZVnD/uqJmMMw9whBJdniOWnblDug+bPH/IYmSm81WQSJJADHM7+G+FZZdXXpXvMzwhwTDGf8wUCPTLr8BIEmCxiLiKM11RcUJ9fFb/8e6yq+/VJGsDJ6eZJn6bzjC9onrARyk4PxnbszMSzjyNd7dfG47zPDzjv18ywf9Xwthxp+JpHLRak01B4h7LD8E9vePuInmJjF+pegaaBGEyAmD7j+6lim2SXV3Rh2tBrKku4jkDBLpyU5dLAvN root@ubuntu-bionic
-----END SSH HOST KEY KEYS-----
[   17.996888] cloud-init[1734]: Cloud-init v. 22.3.4-0ubuntu1~18.04.1 running 'modules:final' at Wed, 23 Nov 2022 13:28:17 +0000. Up 17.79 seconds.
[   17.998047] cloud-init[1734]: Cloud-init v. 22.3.4-0ubuntu1~18.04.1 finished at Wed, 23 Nov 2022 13:28:17 +0000. Datasource DataSourceNoCloud [seed=/dev/sdb][dsmode=net].  Up 17.98 seconds

Ubuntu 18.04.6 LTS ubuntu-bionic ttyS0

ubuntu-bionic login: 