[    0.000000] Linux version 4.15.0-197-generic (buildd@lcy02-amd64-110) (gcc version 7.5.0 (Ubuntu 7.5.0-3ubuntu1~18.04)) #208-Ubuntu SMP Tue Nov 1 17:23:37 UTC 2022 (Ubuntu 4.15.0-197.208-generic 4.15.18)
[    0.000000] Command line: BOOT_IMAGE=/boot/vmlinuz-4.15.0-197-generic root=LABEL=cloudimg-rootfs ro console=tty1 console=ttyS0
[    0.000000] KERNEL supported cpus:
[    0.000000]   Intel GenuineIntel
[    0.000000]   AMD AuthenticAMD
[    0.000000]   Centaur CentaurHauls
[    0.000000] [Firmware Bug]: TSC doesn't count with P0 frequency!
[    0.000000] x86/fpu: Supporting XSAVE feature 0x001: 'x87 floating point registers'
[    0.000000] x86/fpu: Supporting XSAVE feature 0x002: 'SSE registers'
[    0.000000] x86/fpu: Supporting XSAVE feature 0x004: 'AVX registers'
[    0.000000] x86/fpu: xstate_offset[2]:  576, xstate_sizes[2]:  256
[    0.000000] x86/fpu: Enabled xstate features 0x7, context size is 832 bytes, using 'standard' format.
[    0.000000] e820: BIOS-provided physical RAM map:
[    0.000000] BIOS-e820: [mem 0x0000000000000000-0x000000000009fbff] usable
[    0.000000] BIOS-e820: [mem 0x000000000009fc00-0x000000000009ffff] reserved
[    0.000000] BIOS-e820: [mem 0x00000000000f0000-0x00000000000fffff] reserved
[    0.000000] BIOS-e820: [mem 0x0000000000100000-0x000000003ffeffff] usable
[    0.000000] BIOS-e820: [mem 0x000000003fff0000-0x000000003fffffff] ACPI data
[    0.000000] BIOS-e820: [mem 0x00000000fec00000-0x00000000fec00fff] reserved
[    0.000000] BIOS-e820: [mem 0x00000000fee00000-0x00000000fee00fff] reserved
[    0.000000] BIOS-e820: [mem 0x00000000fffc0000-0x00000000ffffffff] reserved
[    0.000000] NX (Execute Disable) protection: active
[    0.000000] SMBIOS 2.5 present.
[    0.000000] DMI: innotek GmbH VirtualBox/VirtualBox, BIOS VirtualBox 12/01/2006
[    0.000000] Hypervisor detected: KVM
[    0.000000] e820: last_pfn = 0x3fff0 max_arch_pfn = 0x400000000
[    0.000000] MTRR: Disabled
[    0.000000] x86/PAT: MTRRs disabled, skipping PAT initialization too.
[    0.000000] CPU MTRRs all blank - virtualized system.
[    0.000000] x86/PAT: Configuration [0-7]: WB  WT  UC- UC  WB  WT  UC- UC  
[    0.000000] found SMP MP-table at [mem 0x0009fff0-0x0009ffff]
[    0.000000] Scanning 1 areas for low memory corruption
[    0.000000] RAMDISK: [mem 0x359c7000-0x36cdafff]
[    0.000000] ACPI: Early table checksum verification disabled
[    0.000000] ACPI: RSDP 0x00000000000E0000 000024 (v02 VBOX  )
[    0.000000] ACPI: XSDT 0x000000003FFF0030 00003C (v01 VBOX   VBOXXSDT 00000001 ASL  00000061)
[    0.000000] ACPI: FACP 0x000000003FFF00F0 0000F4 (v04 VBOX   VBOXFACP 00000001 ASL  00000061)
[    0.000000] ACPI: DSDT 0x000000003FFF0610 002353 (v02 VBOX   VBOXBIOS 00000002 INTL 20100528)
[    0.000000] ACPI: FACS 0x000000003FFF0200 000040
[    0.000000] ACPI: FACS 0x000000003FFF0200 000040
[    0.000000] ACPI: APIC 0x000000003FFF0240 00005C (v02 VBOX   VBOXAPIC 00000001 ASL  00000061)
[    0.000000] ACPI: SSDT 0x000000003FFF02A0 00036C (v01 VBOX   VBOXCPUT 00000002 INTL 20100528)
[    0.000000] ACPI: Reserving FACP table memory at [mem 0x3fff00f0-0x3fff01e3]
[    0.000000] ACPI: Reserving DSDT table memory at [mem 0x3fff0610-0x3fff2962]
[    0.000000] ACPI: Reserving FACS table memory at [mem 0x3fff0200-0x3fff023f]
[    0.000000] ACPI: Reserving FACS table memory at [mem 0x3fff0200-0x3fff023f]
[    0.000000] ACPI: Reserving APIC table memory at [mem 0x3fff0240-0x3fff029b]
[    0.000000] ACPI: Reserving SSDT table memory at [mem 0x3fff02a0-0x3fff060b]
[    0.000000] No NUMA configuration found
[    0.000000] Faking a node at [mem 0x0000000000000000-0x000000003ffeffff]
[    0.000000] NODE_DATA(0) allocated [mem 0x3ffc5000-0x3ffeffff]
[    0.000000] kvm-clock: cpu 0, msr 0:3ff44001, primary cpu clock
[    0.000000] kvm-clock: Using msrs 4b564d01 and 4b564d00
[    0.000000] kvm-clock: using sched offset of 3111706095 cycles
[    0.000000] clocksource: kvm-clock: mask: 0xffffffffffffffff max_cycles: 0x1cd42e4dffb, max_idle_ns: 881590591483 ns
[    0.000000] Zone ranges:
[    0.000000]   DMA      [mem 0x0000000000001000-0x0000000000ffffff]
[    0.000000]   DMA32    [mem 0x0000000001000000-0x000000003ffeffff]
[    0.000000]   Normal   empty
[    0.000000]   Device   empty
[    0.000000] Movable zone start for each node
[    0.000000] Early memory node ranges
[    0.000000]   node   0: [mem 0x0000000000001000-0x000000000009efff]
[    0.000000]   node   0: [mem 0x0000000000100000-0x000000003ffeffff]
[    0.000000] Reserved but unavailable: 104 pages
[    0.000000] Initmem setup node 0 [mem 0x0000000000001000-0x000000003ffeffff]
[    0.000000] ACPI: PM-Timer IO Port: 0x4008
[    0.000000] IOAPIC[0]: apic_id 2, version 32, address 0xfec00000, GSI 0-23
[    0.000000] ACPI: INT_SRC_OVR (bus 0 bus_irq 0 global_irq 2 dfl dfl)
[    0.000000] ACPI: INT_SRC_OVR (bus 0 bus_irq 9 global_irq 9 low level)
[    0.000000] Using ACPI (MADT) for SMP configuration information
[    0.000000] smpboot: Allowing 2 CPUs, 0 hotplug CPUs
[    0.000000] PM: Registered nosave memory: [mem 0x00000000-0x00000fff]
[    0.000000] PM: Registered nosave memory: [mem 0x0009f000-0x0009ffff]
[    0.000000] PM: Registered nosave memory: [mem 0x000a0000-0x000effff]
[    0.000000] PM: Registered nosave memory: [mem 0x000f0000-0x000fffff]
[    0.000000] e820: [mem 0x40000000-0xfebfffff] available for PCI devices
[    0.000000] Booting paravirtualized kernel on KVM
[    0.000000] clocksource: refined-jiffies: mask: 0xffffffff max_cycles: 0xffffffff, max_idle_ns: 7645519600211568 ns
[    0.000000] setup_percpu: NR_CPUS:8192 nr_cpumask_bits:2 nr_cpu_ids:2 nr_node_ids:1
[    0.000000] percpu: Embedded 50 pages/cpu s167936 r8192 d28672 u1048576
[    0.000000] PV qspinlock hash table entries: 256 (order: 0, 4096 bytes)
[    0.000000] Built 1 zonelists, mobility grouping on.  Total pages: 257913
[    0.000000] Policy zone: DMA32
[    0.000000] Kernel command line: BOOT_IMAGE=/boot/vmlinuz-4.15.0-197-generic root=LABEL=cloudimg-rootfs ro console=tty1 console=ttyS0
[    0.000000] Memory: 982644K/1048120K available (12300K kernel code, 2477K rwdata, 4320K rodata, 2472K init, 2720K bss, 65476K reserved, 0K cma-reserved)
[    0.000000] SLUB: HWalign=64, Order=0-3, MinObjects=0, CPUs=2, Nodes=1
[    0.000000] ftrace: allocating 39478 entries in 155 pages
[    0.004000] Hierarchical RCU implementation.
[    0.004000] 	RCU restricting CPUs from NR_CPUS=8192 to nr_cpu_ids=2.
[    0.004000] 	Tasks RCU enabled.
[    0.004000] RCU: Adjusting geometry for rcu_fanout_leaf=16, nr_cpu_ids=2
[    0.004000] NR_IRQS: 524544, nr_irqs: 440, preallocated irqs: 16
[    0.004000] random: crng init done
[    0.004000] Console: colour VGA+ 80x25
[    0.004000] console [tty1] enabled
[    0.004000] console [ttyS0] enabled
[    0.004000] ACPI: Core revision 20170831
[    0.004000] ACPI: 2 ACPI AML tables successfully acquired and loaded
[    0.004000] APIC: Switch to symmetric I/O mode setup
[    0.004000] x2apic enabled
[    0.004000] Switched APIC routing to physical x2apic.
[    0.004000] ..TIMER: vector=0x30 apic1=0 pin1=2 apic2=-1 pin2=-1
[    0.004000] tsc: Detected 2495.308 MHz processor
[    0.004000] Calibrating delay loop (skipped) preset value.. 4990.61 BogoMIPS (lpj=9981232)
[    0.004000] pid_max: default: 32768 minimum: 301
[    0.004000] Security Framework initialized
[    0.004000] Yama: becoming mindful.
[    0.004026] AppArmor: AppArmor initialized
[    0.004889] Dentry cache hash table entries: 131072 (order: 8, 1048576 bytes)
[    0.006284] Inode-cache hash table entries: 65536 (order: 7, 524288 bytes)
[    0.007353] Mount-cache hash table entries: 2048 (order: 2, 16384 bytes)
[    0.008008] Mountpoint-cache hash table entries: 2048 (order: 2, 16384 bytes)
[    0.009352] Last level iTLB entries: 4KB 1024, 2MB 1024, 4MB 512
[    0.010340] Last level dTLB entries: 4KB 1536, 2MB 1536, 4MB 768, 1GB 0
[    0.012008] Spectre V1 : Mitigation: usercopy/swapgs barriers and __user pointer sanitization
[    0.013390] Spectre V2 : Mitigation: Retpolines
[    0.014143] Spectre V2 : Spectre v2 / SpectreRSB mitigation: Filling RSB on context switch
[    0.016139] Freeing SMP alternatives memory: 36K
[    0.127645] smpboot: CPU0: AMD Ryzen 3 2200U with Radeon Vega Mobile Gfx (family: 0x17, model: 0x11, stepping: 0x0)
[    0.128000] Performance Events: PMU not available due to virtualization, using software events only.
[    0.128058] Hierarchical SRCU implementation.
[    0.129677] NMI watchdog: Perf event create on CPU 0 failed with -2
[    0.131139] NMI watchdog: Perf NMI watchdog permanently disabled
[    0.132075] smp: Bringing up secondary CPUs ...
[    0.133290] x86: Booting SMP configuration:
[    0.134316] .... node  #0, CPUs:      #1
[    0.004000] kvm-clock: cpu 1, msr 0:3ff44041, secondary cpu clock
[    0.138722] smp: Brought up 1 node, 2 CPUs
[    0.140007] smpboot: Max logical packages: 1
[    0.140930] smpboot: Total of 2 processors activated (9981.23 BogoMIPS)
[    0.142282] devtmpfs: initialized
[    0.142282] x86/mm: Memory block size: 128MB
[    0.142282] evm: security.selinux
[    0.142282] evm: security.SMACK64
[    0.142759] evm: security.SMACK64EXEC
[    0.143538] evm: security.SMACK64TRANSMUTE
[    0.148002] evm: security.SMACK64MMAP
[    0.148828] evm: security.apparmor
[    0.149572] evm: security.ima
[    0.150131] evm: security.capability
[    0.150951] clocksource: jiffies: mask: 0xffffffff max_cycles: 0xffffffff, max_idle_ns: 7645041785100000 ns
[    0.150951] futex hash table entries: 512 (order: 3, 32768 bytes)
[    0.150951] pinctrl core: initialized pinctrl subsystem
[    0.151799] RTC time:  2:49:05, date: 11/29/22
[    0.152169] NET: Registered protocol family 16
[    0.153030] audit: initializing netlink subsys (disabled)
[    0.156034] audit: type=2000 audit(1669690150.178:1): state=initialized audit_enabled=0 res=1
[    0.160006] cpuidle: using governor ladder
[    0.160666] cpuidle: using governor menu
[    0.161031] ACPI: bus type PCI registered
[    0.161089] acpiphp: ACPI Hot Plug PCI Controller Driver version: 0.5
[    0.164121] PCI: Using configuration type 1 for base access
[    0.165209] PCI: Using configuration type 1 for extended access
[    0.166256] HugeTLB registered 2.00 MiB page size, pre-allocated 0 pages
[    0.168081] ACPI: Added _OSI(Module Device)
[    0.168911] ACPI: Added _OSI(Processor Device)
[    0.169704] ACPI: Added _OSI(3.0 _SCP Extensions)
[    0.169704] ACPI: Added _OSI(Processor Aggregator Device)
[    0.169704] ACPI: Added _OSI(Linux-Dell-Video)
[    0.169805] ACPI: Added _OSI(Linux-Lenovo-NV-HDMI-Audio)
[    0.171243] ACPI: Added _OSI(Linux-HPI-Hybrid-Graphics)
[    0.172366] ACPI: Executed 1 blocks of module-level executable AML code
[    0.177423] ACPI: Interpreter enabled
[    0.178018] ACPI: (supports S0 S5)
[    0.179037] ACPI: Using IOAPIC for interrupt routing
[    0.180000] PCI: Using host bridge windows from ACPI; if necessary, use "pci=nocrs" and report a bug
[    0.184204] ACPI: Enabled 2 GPEs in block 00 to 07
[    0.189612] ACPI: PCI Root Bridge [PCI0] (domain 0000 [bus 00-ff])
[    0.190570] acpi PNP0A03:00: _OSC: OS supports [ExtendedConfig ASPM ClockPM Segments MSI]
[    0.192611] acpi PNP0A03:00: _OSC: platform does not support [PCIeCapability]
[    0.194339] acpi PNP0A03:00: _OSC: not requesting control; platform does not support [PCIeCapability]
[    0.196006] acpi PNP0A03:00: _OSC: OS requested [PCIeHotplug PME AER PCIeCapability]
[    0.197056] acpi PNP0A03:00: _OSC: platform willing to grant [PCIeHotplug PME AER]
[    0.198145] acpi PNP0A03:00: _OSC failed (AE_SUPPORT); disabling ASPM
[    0.200046] PCI host bridge to bus 0000:00
[    0.200892] pci_bus 0000:00: root bus resource [io  0x0000-0x0cf7 window]
[    0.202003] pci_bus 0000:00: root bus resource [io  0x0d00-0xffff window]
[    0.203787] pci_bus 0000:00: root bus resource [mem 0x000a0000-0x000bffff window]
[    0.208006] pci_bus 0000:00: root bus resource [mem 0x40000000-0xfdffffff window]
[    0.209516] pci_bus 0000:00: root bus resource [bus 00-ff]
[    0.210939] pci 0000:00:01.1: legacy IDE quirk: reg 0x10: [io  0x01f0-0x01f7]
[    0.210939] pci 0000:00:01.1: legacy IDE quirk: reg 0x14: [io  0x03f6]
[    0.211088] pci 0000:00:01.1: legacy IDE quirk: reg 0x18: [io  0x0170-0x0177]
[    0.212000] pci 0000:00:01.1: legacy IDE quirk: reg 0x1c: [io  0x0376]
[    0.233883] pci 0000:00:07.0: quirk: [io  0x4000-0x403f] claimed by PIIX4 ACPI
[    0.235298] pci 0000:00:07.0: quirk: [io  0x4100-0x410f] claimed by PIIX4 SMB
[    0.245086] ACPI: PCI Interrupt Link [LNKA] (IRQs 5 9 10 *11)
[    0.246455] ACPI: PCI Interrupt Link [LNKB] (IRQs 5 9 *10 11)
[    0.247561] ACPI: PCI Interrupt Link [LNKC] (IRQs 5 *9 10 11)
[    0.252210] ACPI: PCI Interrupt Link [LNKD] (IRQs 5 9 10 *11)
[    0.253847] SCSI subsystem initialized
[    0.256027] pci 0000:00:02.0: vgaarb: setting as boot VGA device
[    0.257399] pci 0000:00:02.0: vgaarb: VGA device added: decodes=io+mem,owns=io+mem,locks=none
[    0.257399] pci 0000:00:02.0: vgaarb: bridge control possible
[    0.257494] vgaarb: loaded
[    0.258990] ACPI: bus type USB registered
[    0.260045] usbcore: registered new interface driver usbfs
[    0.262306] usbcore: registered new interface driver hub
[    0.263503] usbcore: registered new device driver usb
[    0.268086] EDAC MC: Ver: 3.0.0
[    0.269150] PCI: Using ACPI for IRQ routing
[    0.269150] NetLabel: Initializing
[    0.269153] NetLabel:  domain hash size = 128
[    0.270166] NetLabel:  protocols = UNLABELED CIPSOv4 CALIPSO
[    0.272057] NetLabel:  unlabeled traffic allowed by default
[    0.276074] clocksource: Switched to clocksource kvm-clock
[    0.286676] VFS: Disk quotas dquot_6.6.0
[    0.286676] VFS: Dquot-cache hash table entries: 512 (order 0, 4096 bytes)
[    0.286676] AppArmor: AppArmor Filesystem Enabled
[    0.286676] pnp: PnP ACPI init
[    0.286676] pnp: PnP ACPI: found 3 devices
[    0.303550] clocksource: acpi_pm: mask: 0xffffff max_cycles: 0xffffff, max_idle_ns: 2085701024 ns
[    0.304026] NET: Registered protocol family 2
[    0.304026] IP idents hash table entries: 16384 (order: 5, 131072 bytes)
[    0.308496] TCP established hash table entries: 8192 (order: 4, 65536 bytes)
[    0.310006] TCP bind hash table entries: 8192 (order: 5, 131072 bytes)
[    0.311562] TCP: Hash tables configured (established 8192 bind 8192)
[    0.312414] UDP hash table entries: 512 (order: 2, 16384 bytes)
[    0.312414] UDP-Lite hash table entries: 512 (order: 2, 16384 bytes)
[    0.312414] NET: Registered protocol family 1
[    0.312414] pci 0000:00:00.0: Limiting direct PCI/PCI transfers
[    0.312414] pci 0000:00:01.0: Activating ISA DMA hang workarounds
[    0.312414] pci 0000:00:02.0: Video device with shadowed ROM at [mem 0x000c0000-0x000dffff]
[    0.312414] Unpacking initramfs...
[    0.312414] Freeing initrd memory: 19536K
[    0.312414] clocksource: tsc: mask: 0xffffffffffffffff max_cycles: 0x23f7e97f934, max_idle_ns: 440795275125 ns
[    0.312414] platform rtc_cmos: registered platform RTC device (no PNP device found)
[    0.312414] Scanning for low memory corruption every 60 seconds
[    0.630621] Initialise system trusted keyrings
[    0.631535] Key type blacklist registered
[    0.632691] workingset: timestamp_bits=36 max_order=18 bucket_order=0
[    0.634389] zbud: loaded
[    0.635351] squashfs: version 4.0 (2009/01/31) Phillip Lougher
[    0.636678] fuse init (API version 7.26)
[    0.641454] Key type asymmetric registered
[    0.642401] Asymmetric key parser 'x509' registered
[    0.643562] Block layer SCSI generic (bsg) driver version 0.4 loaded (major 246)
[    0.645226] io scheduler noop registered
[    0.646065] io scheduler deadline registered
[    0.646736] io scheduler cfq registered (default)
[    0.648140] ACPI: AC Adapter [AC] (on-line)
[    0.648806] input: Power Button as /devices/LNXSYSTM:00/LNXPWRBN:00/input/input0
[    0.649831] ACPI: Power Button [PWRF]
[    0.650485] input: Sleep Button as /devices/LNXSYSTM:00/LNXSLPBN:00/input/input1
[    0.651454] ACPI: Sleep Button [SLPF]
[    0.652295] Serial: 8250/16550 driver, 32 ports, IRQ sharing enabled
[    0.652979] ACPI: Battery Slot [BAT0] (battery present)
[    0.674568] 00:02: ttyS0 at I/O 0x3f8 (irq = 4, base_baud = 115200) is a 16550A
[    0.677708] Linux agpgart interface v0.103
[    0.680237] loop: module loaded
[    0.681511] scsi host0: ata_piix
[    0.682160] scsi host1: ata_piix
[    0.682756] ata1: PATA max UDMA/33 cmd 0x1f0 ctl 0x3f6 bmdma 0xd000 irq 14
[    0.683765] ata2: PATA max UDMA/33 cmd 0x170 ctl 0x376 bmdma 0xd008 irq 15
[    0.685030] tun: Universal TUN/TAP device driver, 1.6
[    0.685871] PPP generic driver version 2.4.2
[    0.686900] ehci_hcd: USB 2.0 'Enhanced' Host Controller (EHCI) Driver
[    0.687777] ehci-pci: EHCI PCI platform driver
[    0.688413] ehci-platform: EHCI generic platform driver
[    0.689186] ohci_hcd: USB 1.1 'Open' Host Controller (OHCI) Driver
[    0.690340] ohci-pci: OHCI PCI platform driver
[    0.691501] ohci-platform: OHCI generic platform driver
[    0.692479] uhci_hcd: USB Universal Host Controller Interface driver
[    0.693620] i8042: PNP: PS/2 Controller [PNP0303:PS2K,PNP0f03:PS2M] at 0x60,0x64 irq 1,12
[    0.695518] serio: i8042 KBD port at 0x60,0x64 irq 1
[    0.696208] serio: i8042 AUX port at 0x60,0x64 irq 12
[    0.697103] mousedev: PS/2 mouse device common for all mice
[    0.698332] input: AT Translated Set 2 keyboard as /devices/platform/i8042/serio0/input/input2
[    0.699606] rtc_cmos rtc_cmos: rtc core: registered rtc_cmos as rtc0
[    0.700588] rtc_cmos rtc_cmos: alarms up to one day, 114 bytes nvram
[    0.701739] i2c /dev entries driver
[    0.702427] device-mapper: uevent: version 1.0.3
[    0.703157] device-mapper: ioctl: 4.37.0-ioctl (2017-09-20) initialised: dm-devel@redhat.com
[    0.704286] ledtrig-cpu: registered to indicate activity on CPUs
[    0.705565] NET: Registered protocol family 10
[    0.709658] Segment Routing with IPv6
[    0.710425] NET: Registered protocol family 17
[    0.711237] Key type dns_resolver registered
[    0.711984] mce: Using 0 MCE banks
[    0.712626] RAS: Correctable Errors collector initialized.
[    0.713351] sched_clock: Marking stable (712608206, 0)->(882469975, -169861769)
[    0.714628] registered taskstats version 1
[    0.715187] Loading compiled-in X.509 certificates
[    0.718117] Loaded X.509 cert 'Build time autogenerated kernel key: ffc9dd3886e7b6bb89620497cc57c4262b59bc54'
[    0.720144] Loaded X.509 cert 'Canonical Ltd. Live Patch Signing: 14df34d1a87cf37625abec039ef2bf521249b969'
[    0.721914] Loaded X.509 cert 'Canonical Ltd. Kernel Module Signing: 88f752e560a1e0737e31163a466ad7b70a850c19'
[    0.724224] blacklist: Loading compiled-in revocation X.509 certificates
[    0.725823] Loaded X.509 cert 'Canonical Ltd. Secure Boot Signing: 61482aa2830d0ab2ad5af10b7250da9033ddcef0'
[    0.727356] zswap: loaded using pool lzo/zbud
[    0.730593] Key type big_key registered
[    0.731378] Key type trusted registered
[    0.733431] Key type encrypted registered
[    0.734111] AppArmor: AppArmor sha1 policy hashing enabled
[    0.734989] ima: No TPM chip found, activating TPM-bypass! (rc=-19)
[    0.735995] ima: Allocated hash algorithm: sha1
[    0.736790] evm: HMAC attrs: 0x1
[    0.737508]   Magic number: 14:208:815
[    0.738233] rtc_cmos rtc_cmos: setting system clock to 2022-11-29 02:49:06 UTC (1669690146)
[    0.739649] BIOS EDD facility v0.16 2004-Jun-25, 0 devices found
[    0.741615] EDD information not available.
[    0.871320] Freeing unused kernel image memory: 2472K
[    0.884253] Write protecting the kernel read-only data: 20480k
[    0.886047] Freeing unused kernel image memory: 2008K
[    0.888422] Freeing unused kernel image memory: 1824K
[    0.901898] x86/mm: Checked W+X mappings: passed, no W+X pages found.
Loading, please wait...
starting version 237
[    0.965111] Fusion MPT base driver 3.04.20
[    0.966034] Copyright (c) 1999-2008 LSI Corporation
[    0.975562] e1000: Intel(R) PRO/1000 Network Driver - version 7.3.21-k8-NAPI
[    0.977008] e1000: Copyright (c) 1999-2006 Intel Corporation.
[    0.979434] Fusion MPT SPI Host driver 3.04.20
[    0.985528] AVX2 version of gcm_enc/dec engaged.
[    0.986496] AES CTR mode by8 optimization enabled
[    1.173466] input: ImExPS/2 Generic Explorer Mouse as /devices/platform/i8042/serio1/input/input4
[    1.364251] e1000 0000:00:03.0 eth0: (PCI:33MHz:32-bit) 02:a6:12:9f:2a:1a
[    1.365727] e1000 0000:00:03.0 eth0: Intel(R) PRO/1000 Network Connection
[    1.368578] mptbase: ioc0: Initiating bringup
[    1.370522] e1000 0000:00:03.0 enp0s3: renamed from eth0
[    1.476411] ioc0: LSI53C1030 A0: Capabilities={Initiator}
[    1.717860] scsi host2: ioc0: LSI53C1030 A0, FwRev=00000000h, Ports=1, MaxQ=256, IRQ=20
[    1.884604] scsi 2:0:0:0: Direct-Access     VBOX     HARDDISK         1.0  PQ: 0 ANSI: 5
[    1.920133] scsi target2:0:0: Beginning Domain Validation
[    1.922147] scsi target2:0:0: Domain Validation skipping write tests
[    1.923549] scsi target2:0:0: Ending Domain Validation
[    1.924626] scsi target2:0:0: asynchronous
[    1.925781] scsi 2:0:1:0: Direct-Access     VBOX     HARDDISK         1.0  PQ: 0 ANSI: 5
[    2.128037] scsi target2:0:1: Beginning Domain Validation
[    2.131906] scsi target2:0:1: Domain Validation skipping write tests
[    2.134220] scsi target2:0:1: Ending Domain Validation
[    2.135586] scsi target2:0:1: asynchronous
[    2.143221] sd 2:0:0:0: Attached scsi generic sg0 type 0
[    2.143467] sd 2:0:0:0: [sda] 83886080 512-byte logical blocks: (42.9 GB/40.0 GiB)
[    2.147115] sd 2:0:0:0: [sda] Write Protect is off
[    2.147688] sd 2:0:1:0: Attached scsi generic sg1 type 0
[    2.149662] sd 2:0:0:0: [sda] Incomplete mode parameter data
[    2.149745] sd 2:0:1:0: [sdb] 20480 512-byte logical blocks: (10.5 MB/10.0 MiB)
[    2.150922] sd 2:0:0:0: [sda] Assuming drive cache: write through
[    2.152436] sd 2:0:1:0: [sdb] Write Protect is off
[    2.154966] sd 2:0:1:0: [sdb] Incomplete mode parameter data
[    2.156405] sd 2:0:1:0: [sdb] Assuming drive cache: write through
[    2.159047]  sda: sda1
[    2.160499] sd 2:0:0:0: [sda] Attached SCSI disk
[    2.160761] sd 2:0:1:0: [sdb] Attached SCSI disk
Begin: Loading essential drivers ... [    3.636270] raid6: sse2x1   gen()  6617 MB/s
[    3.684439] raid6: sse2x1   xor()  5530 MB/s
[    3.732980] raid6: sse2x2   gen() 13618 MB/s
[    3.780575] raid6: sse2x2   xor()  8272 MB/s
[    3.828628] raid6: sse2x4   gen() 14808 MB/s
[    3.876154] raid6: sse2x4   xor()  6995 MB/s
[    3.924963] raid6: avx2x1   gen() 12275 MB/s
[    3.972613] raid6: avx2x1   xor()  9643 MB/s
[    4.020831] raid6: avx2x2   gen() 15481 MB/s
[    4.068843] raid6: avx2x2   xor()  9898 MB/s
[    4.116417] raid6: avx2x4   gen() 19053 MB/s
[    4.164457] raid6: avx2x4   xor()  9127 MB/s
[    4.165192] raid6: using algorithm avx2x4 gen() 19053 MB/s
[    4.165979] raid6: .... xor() 9127 MB/s, rmw enabled
[    4.166696] raid6: using avx2x2 recovery algorithm
[    4.169272] xor: automatically using best checksumming function   avx       
[    4.171555] async_tx: api initialized (async)
done.
Begin: Running /scripts/init-premount ... done.
Begin: Mounting root file system ... Begin: Running /scripts/local-top ... done.
Begin: Running /scripts/local-premount ... [    4.216097] Btrfs loaded, crc32c=crc32c-intel
Scanning for Btrfs filesystems
done.
Warning: fsck not present, so skipping root file system
[    4.239533] EXT4-fs (sda1): INFO: recovery required on readonly filesystem
[    4.240546] EXT4-fs (sda1): write access will be enabled during recovery
[    4.278841] EXT4-fs (sda1): orphan cleanup on readonly fs
[    4.279871] EXT4-fs (sda1): 1 orphan inode deleted
[    4.280826] EXT4-fs (sda1): recovery complete
[    4.282167] EXT4-fs (sda1): mounted filesystem with ordered data mode. Opts: (null)
done.
Begin: Running /scripts/local-bottom ... done.
Begin: Running /scripts/init-bottom ... done.
[    4.436024] ip_tables: (C) 2000-2006 Netfilter Core Team
[    4.447675] systemd[1]: systemd 237 running in system mode. (+PAM +AUDIT +SELINUX +IMA +APPARMOR +SMACK +SYSVINIT +UTMP +LIBCRYPTSETUP +GCRYPT +GNUTLS +ACL +XZ +LZ4 +SECCOMP +BLKID +ELFUTILS +KMOD -IDN2 +IDN -PCRE2 default-hierarchy=hybrid)
[    4.451753] systemd[1]: Detected virtualization oracle.
[    4.452771] systemd[1]: Detected architecture x86-64.

Welcome to [1mUbuntu 18.04.6 LTS[0m!

[    4.458644] systemd[1]: Set hostname to <ubuntu-bionic>.
[    4.693702] systemd[1]: Reached target User and Group Name Lookups.
[[0;32m  OK  [0m] Reached target User and Group Name Lookups.
[    4.696928] systemd[1]: Created slice System Slice.
[[0;32m  OK  [0m] Created slice System Slice.
[    4.698464] systemd[1]: Listening on LVM2 poll daemon socket.
[[0;32m  OK  [0m] Listening on LVM2 poll daemon socket.
[    4.700370] systemd[1]: Created slice system-serial\x2dgetty.slice.
[[0;32m  OK  [0m] Created slice system-serial\x2dgetty.slice.
[    4.712861] systemd[1]: Listening on Journal Socket.
[[0;32m  OK  [0m] Listening on Journal Socket.
[    4.715514] systemd[1]: Mounting POSIX Message Queue File System...
         Mounting POSIX Message Queue File System...
         Starting Create list of required stâ€¦ce nodes for the current kernel...
         Starting Uncomplicated firewall...
         Starting Set the console keyboard layout...
[[0;32m  OK  [0m] Listening on Journal Audit Socket.
         Mounting Huge Pages File System...
[[0;32m  OK  [0m] Listening on /dev/initctl Compatibility Named Pipe.
[[0;32m  OK  [0m] Listening on Device-mapper event daemon FIFOs.
[[0;32m  OK  [0m] Listening on udev Control Socket.
[[0;32m  OK  [0m] Listening on fsck to fsckd communication Socket.
[[0;32m  OK  [0m] Listening on Syslog Socket.
[[0;32m  OK  [0m] Reached target Swap.
[[0;32m  OK  [0m] Created slice User and Session Slice.
[[0;32m  OK  [0m] Listening on Network Service Netlink Socket.
[[0;32m  OK  [0m] Listening on udev Kernel Socket.
         Starting udev Coldplug all Devices...
[[0;32m  OK  [0m] Reached target System Time Synchronized.
[[0;32m  OK  [0m] Listening on Journal Socket (/dev/log).
         Starting Journal Service...
         Starting Load Kernel Modules...
         Starting File System Check on Root Device...
[[0;32m  OK  [0m] Set up automount Arbitrary Executabâ€¦rmats File System Automount Point.
[[0;32m  OK  [0m] Listening on LVM2 metadata daemon socket.
         Starting Monitoring of LVM2 mirrorsâ€¦ng dmeventd or progress polling...
         Mounting Kernel Debug File System...
[[0;32m  OK  [0m] Started Forward Password Requests to Wall Directory Watch.
[[0;32m  OK  [0m] Reached target Slices.
[[0;32m  OK  [0m] Mounted POSIX Message Queue File System.
[[0;32m  OK  [0m] Started Create list of required staâ€¦vice nodes for the current kernel.
[[0;32m  OK  [0m] Started Uncomplicated firewall.
[[0;32m  OK  [0m] Mounted Huge Pages File System.
[[0;32m  OK  [0m] Mounted Kernel Debug File System.
         Starting Create Static Device Nodes in /dev...
[[0;32m  OK  [0m] Started File System Check Daemon to report status.
[    4.805322] Loading iSCSI transport class v2.0-870.
[[0;32m  OK  [0m] Started Journal Service.
[    4.813854] iscsi: registered transport (tcp)
[[0;32m  OK  [0m] Started udev Coldplug all Devices.
[[0;32m  OK  [0m] Started Create Static Device Nodes in /dev.
[[0;32m  OK  [0m] Started File System Check on Root Device.
[[0;32m  OK  [0m] Started LVM2 metadata daemon.
         Starting Remount Root and Kernel File Systems...
[    4.909153] iscsi: registered transport (iser)
[[0;32m  OK  [0m] Started Load Kernel Modules.
         Starting Apply Kernel Variables...
         Mounting FUSE Control File System...
         Mounting Kernel Configuration File System...
[[0;32m  OK  [0m] Mounted FUSE Control File System.
[[0;32m  OK  [0m] Mounted Kernel Configuration File System.
[[0;32m  OK  [0m] Started Remount Root and Kernel File Systems.
         Starting Flush Journal to Persistent Storage...
         Starting Load/Save Random Seed...
         Starting udev Kernel Device Manager...
[[0;32m  OK  [0m] Started Set the console keyboard layout.
[[0;32m  OK  [0m] Started Monitoring of LVM2 mirrors,â€¦sing dmeventd or progress polling.
[[0;32m  OK  [0m] Started Apply Kernel Variables.
[[0;32m  OK  [0m] Started Load/Save Random Seed.
[[0;32m  OK  [0m] Reached target Local File Systems (Pre).
[[0;32m  OK  [0m] Reached target Local File Systems.
         Starting AppArmor initialization...
         Starting ebtables ruleset management...
         Starting Tell Plymouth To Write Out Runtime Data...
         Starting Set console font and keymap...
[[0;32m  OK  [0m] Started udev Kernel Device Manager.
[[0;32m  OK  [0m] Started Dispatch Password Requests to Console Directory Watch.
[[0;32m  OK  [0m] Reached target Local Encrypted Volumes.
[[0;32m  OK  [0m] Started Tell Plymouth To Write Out Runtime Data.
[[0;32m  OK  [0m] Started Set console font and keymap.
[[0;32m  OK  [0m] Started Flush Journal to Persistent Storage.
         Starting Create Volatile Files and Directories...
[[0;32m  OK  [0m] Started Create Volatile Files and Directories.
         Starting Update UTMP about System Boot/Shutdown...
[[0;32m  OK  [0m] Started Update UTMP about System Boot/Shutdown.
[[0;32m  OK  [0m] Started ebtables ruleset management.
[[0;32m  OK  [0m] Found device /dev/ttyS0.
[[0;32m  OK  [0m] Started AppArmor initialization.
         Starting Load AppArmor profiles managed internally by snapd...
         Starting Initial cloud-init job (pre-networking)...
         Mounting Arbitrary Executable File Formats File System...
[[0;32m  OK  [0m] Mounted Arbitrary Executable File Formats File System.
[[0;32m  OK  [0m] Listening on Load/Save RF Kill Switch Status /dev/rfkill Watch.
[[0;32m  OK  [0m] Started Load AppArmor profiles managed internally by snapd.
[    6.783120] cloud-init[539]: Cloud-init v. 22.3.4-0ubuntu1~18.04.1 running 'init-local' at Tue, 29 Nov 2022 02:49:12 +0000. Up 6.59 seconds.
[[0;32m  OK  [0m] Started Initial cloud-init job (pre-networking).
[[0;32m  OK  [0m] Reached target Network (Pre).
         Starting Network Service...
[[0;32m  OK  [0m] Started Network Service.
         Starting Network Name Resolution...
         Starting Wait for Network to be Configured...
[[0;32m  OK  [0m] Started Network Name Resolution.
[[0;32m  OK  [0m] Reached target Network.
[[0;32m  OK  [0m] Reached target Host and Network Name Lookups.
[[0;32m  OK  [0m] Started Wait for Network to be Configured.
         Starting Initial cloud-init job (metadata service crawler)...
[    9.715686] cloud-init[671]: Cloud-init v. 22.3.4-0ubuntu1~18.04.1 running 'init' at Tue, 29 Nov 2022 02:49:15 +0000. Up 9.55 seconds.
[    9.728561] cloud-init[671]: ci-info: ++++++++++++++++++++++++++++++++++++++Net device info++++++++++++++++++++++++++++++++++++++
[    9.731755] cloud-init[671]: ci-info: +--------+------+----------------------------+---------------+--------+-------------------+
[    9.733646] cloud-init[671]: ci-info: | Device |  Up  |          Address           |      Mask     | Scope  |     Hw-Address    |
[    9.735449] cloud-init[671]: ci-info: +--------+------+----------------------------+---------------+--------+-------------------+
[    9.737248] cloud-init[671]: ci-info: | enp0s3 | True |         10.0.2.15          | 255.255.255.0 | global | 02:a6:12:9f:2a:1a |
[    9.739168] cloud-init[671]: ci-info: | enp0s3 | True | fe80::a6:12ff:fe9f:2a1a/64 |       .       |  link  | 02:a6:12:9f:2a:1a |
[    9.741116] cloud-init[671]: ci-info: |   lo   | True |         127.0.0.1          |   255.0.0.0   |  host  |         .         |
[    9.743035] cloud-init[671]: ci-info: |   lo   | True |          ::1/128           |       .       |  host  |         .         |
[    9.744548] cloud-init[671]: ci-info: +--------+------+----------------------------+---------------+--------+-------------------+
[    9.746279] cloud-init[671]: ci-info: ++++++++++++++++++++++++++++Route IPv4 info+++++++++++++++++++++++++++++
[    9.748855] cloud-init[671]: ci-info: +-------+-------------+----------+-----------------+-----------+-------+
[    9.751004] cloud-init[671]: ci-info: | Route | Destination | Gateway  |     Genmask     | Interface | Flags |
[    9.752743] cloud-init[671]: ci-info: +-------+-------------+----------+-----------------+-----------+-------+
[    9.754516] cloud-init[671]: ci-info: |   0   |   0.0.0.0   | 10.0.2.2 |     0.0.0.0     |   enp0s3  |   UG  |
[    9.756056] cloud-init[671]: ci-info: |   1   |   10.0.2.0  | 0.0.0.0  |  255.255.255.0  |   enp0s3  |   U   |
[    9.757741] cloud-init[671]: ci-info: |   2   |   10.0.2.2  | 0.0.0.0  | 255.255.255.255 |   enp0s3  |   UH  |
[    9.759979] cloud-init[671]: ci-info: +-------+-------------+----------+-----------------+-----------+-------+
[    9.764493] cloud-init[671]: ci-info: +++++++++++++++++++Route IPv6 info+++++++++++++++++++
[    9.765788] cloud-init[671]: ci-info: +-------+-------------+---------+-----------+-------+
[    9.767090] cloud-init[671]: ci-info: | Route | Destination | Gateway | Interface | Flags |
[    9.768285] cloud-init[671]: ci-info: +-------+-------------+---------+-----------+-------+
[    9.769500] cloud-init[671]: ci-info: |   1   |  fe80::/64  |    ::   |   enp0s3  |   U   |
[    9.770685] cloud-init[671]: ci-info: |   3   |    local    |    ::   |   enp0s3  |   U   |
[    9.771564] cloud-init[671]: ci-info: |   4   |   ff00::/8  |    ::   |   enp0s3  |   U   |
[    9.772574] cloud-init[671]: ci-info: +-------+-------------+---------+-----------+-------+
[[0;32m  OK  [0m] Started Initial cloud-init job (metadata service crawler).
[[0;32m  OK  [0m] Reached target Network is Online.
         Starting Availability of block devices...
[[0;32m  OK  [0m] Reached target Remote File Systems (Pre).
         Mounting /vagrant...
[[0;32m  OK  [0m] Reached target System Initialization.
[[0;32m  OK  [0m] Listening on Open-iSCSI iscsid Socket.
         Starting LXD - unix socket.
[[0;32m  OK  [0m] Listening on UUID daemon activation socket.
[[0;32m  OK  [0m] Started Daily Cleanup of Temporary Directories.
[[0;32m  OK  [0m] Listening on cloud-init hotplug hook socket.
         Starting Socket activation for snappy daemon.
[[0;32m  OK  [0m] Started Ubuntu Advantage Timer for running repeated jobs.
[[0;32m  OK  [0m] Started Message of the Day.
[[0;32m  OK  [0m] Started Daily apt upgrade and clean activities.
[[0;32m  OK  [0m] Started Discard unused blocks once a week.
[[0;32m  OK  [0m] Reached target Timers.
[[0;32m  OK  [0m] Started ACPI Events Check.
[[0;32m  OK  [0m] Reached target Paths.
[[0;32m  OK  [0m] Listening on ACPID Listen Socket.
[[0;32m  OK  [0m] Listening on D-Bus System Message Bus Socket.
[[0;32m  OK  [0m] Reached target Cloud-config availability.
[[0;32m  OK  [0m] Started Availability of block devices.
[[0;32m  OK  [0m] Mounted /vagrant.
[[0;32m  OK  [0m] Listening on LXD - unix socket.
[[0;32m  OK  [0m] Listening on Socket activation for snappy daemon.
[[0;32m  OK  [0m] Reached target Sockets.
[[0;32m  OK  [0m] Reached target Basic System.
         Starting LSB: Record successful boot for GRUB...
[[0;32m  OK  [0m] Reached target Login Prompts (Pre).
         Starting Virtualbox guest utils...
         Starting Message of the Day...
[[0;32m  OK  [0m] Started Deferred execution scheduler.
         Starting Discard unused blocks...
         Starting Login Service...
[[0;32m  OK  [0m] Started irqbalance daemon.
[[0;32m  OK  [0m] Started FUSE filesystem for LXC.
         Starting Snap Daemon...
         Starting Daily apt upgrade and clean activities...
[[0;32m  OK  [0m] Started D-Bus System Message Bus.
[[0;32m  OK  [0m] Started Login Service.
[[0;32m  OK  [0m] Started Unattended Upgrades Shutdown.
         Starting OpenBSD Secure Shell server...
[[0;32m  OK  [0m] Started Regular background program processing daemon.
         Starting System Logging Service...
         Starting Accounts Service...
         Starting Dispatcher daemon for systemd-networkd...
         Starting LXD - container startup/shutdown...
[[0;32m  OK  [0m] Reached target Remote File Systems.
         Starting Permit User Sessions...
         Starting LSB: automatic crash report generation...
[[0;32m  OK  [0m] Started System Logging Service.
[[0;32m  OK  [0m] Started Discard unused blocks.
[[0;32m  OK  [0m] Started Permit User Sessions.
         Starting Hold until boot process finishes up...
         Starting Terminate Plymouth Boot Screen...
         Starting Authorization Manager...
[[0;32m  OK  [0m] Started Hold until boot process finishes up.
[[0;32m  OK  [0m] Started Serial Getty on ttyS0.
         Starting Set console scheme...
[[0;32m  OK  [0m] Started Terminate Plymouth Boot Screen.
[[0;32m  OK  [0m] Started OpenBSD Secure Shell server.
[[0;32m  OK  [0m] Started Set console scheme.
[[0;32m  OK  [0m] Created slice system-getty.slice.
[[0;32m  OK  [0m] Started Getty on tty1.
[[0;32m  OK  [0m] Reached target Login Prompts.
[[0;32m  OK  [0m] Started LSB: Record successful boot for GRUB.
[[0;32m  OK  [0m] Started Authorization Manager.
[[0;32m  OK  [0m] Started Accounts Service.
[[0;32m  OK  [0m] Started LSB: automatic crash report generation.
[[0;32m  OK  [0m] Started Virtualbox guest utils.
[[0;32m  OK  [0m] Started LXD - container startup/shutdown.
[[0;32m  OK  [0m] Started Dispatcher daemon for systemd-networkd.
[[0;32m  OK  [0m] Started Snap Daemon.
         Starting Wait until snapd is fully seeded...
         Starting Time & Date Service...
[[0;32m  OK  [0m] Started Time & Date Service.
[[0;32m  OK  [0m] Started Wait until snapd is fully seeded.
         Starting Apply the settings specified in cloud-config...
[   12.473097] cloud-init[1146]: Cloud-init v. 22.3.4-0ubuntu1~18.04.1 running 'modules:config' at Tue, 29 Nov 2022 02:49:18 +0000. Up 12.35 seconds.
[[0;32m  OK  [0m] Started Message of the Day.
[[0;32m  OK  [0m] Started Apply the settings specified in cloud-config.
[[0;32m  OK  [0m] Reached target Multi-User System.
         Starting Execute cloud user/final scripts...
[[0;32m  OK  [0m] Reached target Graphical Interface.
         Starting Update UTMP about System Runlevel Changes...
[[0;32m  OK  [0m] Started Update UTMP about System Runlevel Changes.
[   13.319155] cloud-init[1228]: Cloud-init v. 22.3.4-0ubuntu1~18.04.1 running 'modules:final' at Tue, 29 Nov 2022 02:49:18 +0000. Up 13.14 seconds.
[   13.321998] cloud-init[1228]: Cloud-init v. 22.3.4-0ubuntu1~18.04.1 finished at Tue, 29 Nov 2022 02:49:19 +0000. Datasource DataSourceNoCloud [seed=/dev/sdb][dsmode=net].  Up 13.30 seconds
[[0;32m  OK  [0m] Started Execute cloud user/final scripts.
[[0;32m  OK  [0m] Reached target Cloud-init target.
[[0;32m  OK  [0m] Created slice User Slice of vagrant.
         Starting User Manager for UID 1000...
[[0;32m  OK  [0m] Started Session 1 of user vagrant.
[[0;32m  OK  [0m] Started User Manager for UID 1000.
[[0;32m  OK  [0m] Started Daily apt upgrade and clean activities.

Ubuntu 18.04.6 LTS ubuntu-bionic ttyS0

ubuntu-bionic login: 