[    0.000000] Linux version 4.15.0-197-generic (buildd@lcy02-amd64-110) (gcc version 7.5.0 (Ubuntu 7.5.0-3ubuntu1~18.04)) #208-Ubuntu SMP Tue Nov 1 17:23:37 UTC 2022 (Ubuntu 4.15.0-197.208-generic 4.15.18)
[    0.000000] Command line: BOOT_IMAGE=/boot/vmlinuz-4.15.0-197-generic root=LABEL=cloudimg-rootfs ro console=tty1 console=ttyS0
[    0.000000] KERNEL supported cpus:
[    0.000000]   Intel GenuineIntel
[    0.000000]   AMD AuthenticAMD
[    0.000000]   Centaur CentaurHauls
[    0.000000] [Firmware Bug]: TSC doesn't count with P0 frequency!
[    0.000000] x86/fpu: Supporting XSAVE feature 0x001: 'x87 floating point registers'
[    0.000000] x86/fpu: Supporting XSAVE feature 0x002: 'SSE registers'
[    0.000000] x86/fpu: Supporting XSAVE feature 0x004: 'AVX registers'
[    0.000000] x86/fpu: xstate_offset[2]:  576, xstate_sizes[2]:  256
[    0.000000] x86/fpu: Enabled xstate features 0x7, context size is 832 bytes, using 'standard' format.
[    0.000000] e820: BIOS-provided physical RAM map:
[    0.000000] BIOS-e820: [mem 0x0000000000000000-0x000000000009fbff] usable
[    0.000000] BIOS-e820: [mem 0x000000000009fc00-0x000000000009ffff] reserved
[    0.000000] BIOS-e820: [mem 0x00000000000f0000-0x00000000000fffff] reserved
[    0.000000] BIOS-e820: [mem 0x0000000000100000-0x000000003ffeffff] usable
[    0.000000] BIOS-e820: [mem 0x000000003fff0000-0x000000003fffffff] ACPI data
[    0.000000] BIOS-e820: [mem 0x00000000fec00000-0x00000000fec00fff] reserved
[    0.000000] BIOS-e820: [mem 0x00000000fee00000-0x00000000fee00fff] reserved
[    0.000000] BIOS-e820: [mem 0x00000000fffc0000-0x00000000ffffffff] reserved
[    0.000000] NX (Execute Disable) protection: active
[    0.000000] SMBIOS 2.5 present.
[    0.000000] DMI: innotek GmbH VirtualBox/VirtualBox, BIOS VirtualBox 12/01/2006
[    0.000000] Hypervisor detected: KVM
[    0.000000] e820: last_pfn = 0x3fff0 max_arch_pfn = 0x400000000
[    0.000000] MTRR: Disabled
[    0.000000] x86/PAT: MTRRs disabled, skipping PAT initialization too.
[    0.000000] CPU MTRRs all blank - virtualized system.
[    0.000000] x86/PAT: Configuration [0-7]: WB  WT  UC- UC  WB  WT  UC- UC  
[    0.000000] found SMP MP-table at [mem 0x0009fff0-0x0009ffff]
[    0.000000] Scanning 1 areas for low memory corruption
[    0.000000] RAMDISK: [mem 0x359c7000-0x36cdafff]
[    0.000000] ACPI: Early table checksum verification disabled
[    0.000000] ACPI: RSDP 0x00000000000E0000 000024 (v02 VBOX  )
[    0.000000] ACPI: XSDT 0x000000003FFF0030 00003C (v01 VBOX   VBOXXSDT 00000001 ASL  00000061)
[    0.000000] ACPI: FACP 0x000000003FFF00F0 0000F4 (v04 VBOX   VBOXFACP 00000001 ASL  00000061)
[    0.000000] ACPI: DSDT 0x000000003FFF0610 002353 (v02 VBOX   VBOXBIOS 00000002 INTL 20100528)
[    0.000000] ACPI: FACS 0x000000003FFF0200 000040
[    0.000000] ACPI: FACS 0x000000003FFF0200 000040
[    0.000000] ACPI: APIC 0x000000003FFF0240 00005C (v02 VBOX   VBOXAPIC 00000001 ASL  00000061)
[    0.000000] ACPI: SSDT 0x000000003FFF02A0 00036C (v01 VBOX   VBOXCPUT 00000002 INTL 20100528)
[    0.000000] ACPI: Reserving FACP table memory at [mem 0x3fff00f0-0x3fff01e3]
[    0.000000] ACPI: Reserving DSDT table memory at [mem 0x3fff0610-0x3fff2962]
[    0.000000] ACPI: Reserving FACS table memory at [mem 0x3fff0200-0x3fff023f]
[    0.000000] ACPI: Reserving FACS table memory at [mem 0x3fff0200-0x3fff023f]
[    0.000000] ACPI: Reserving APIC table memory at [mem 0x3fff0240-0x3fff029b]
[    0.000000] ACPI: Reserving SSDT table memory at [mem 0x3fff02a0-0x3fff060b]
[    0.000000] No NUMA configuration found
[    0.000000] Faking a node at [mem 0x0000000000000000-0x000000003ffeffff]
[    0.000000] NODE_DATA(0) allocated [mem 0x3ffc5000-0x3ffeffff]
[    0.000000] kvm-clock: cpu 0, msr 0:3ff44001, primary cpu clock
[    0.000000] kvm-clock: Using msrs 4b564d01 and 4b564d00
[    0.000000] kvm-clock: using sched offset of 3276389033 cycles
[    0.000000] clocksource: kvm-clock: mask: 0xffffffffffffffff max_cycles: 0x1cd42e4dffb, max_idle_ns: 881590591483 ns
[    0.000000] Zone ranges:
[    0.000000]   DMA      [mem 0x0000000000001000-0x0000000000ffffff]
[    0.000000]   DMA32    [mem 0x0000000001000000-0x000000003ffeffff]
[    0.000000]   Normal   empty
[    0.000000]   Device   empty
[    0.000000] Movable zone start for each node
[    0.000000] Early memory node ranges
[    0.000000]   node   0: [mem 0x0000000000001000-0x000000000009efff]
[    0.000000]   node   0: [mem 0x0000000000100000-0x000000003ffeffff]
[    0.000000] Reserved but unavailable: 104 pages
[    0.000000] Initmem setup node 0 [mem 0x0000000000001000-0x000000003ffeffff]
[    0.000000] ACPI: PM-Timer IO Port: 0x4008
[    0.000000] IOAPIC[0]: apic_id 2, version 32, address 0xfec00000, GSI 0-23
[    0.000000] ACPI: INT_SRC_OVR (bus 0 bus_irq 0 global_irq 2 dfl dfl)
[    0.000000] ACPI: INT_SRC_OVR (bus 0 bus_irq 9 global_irq 9 low level)
[    0.000000] Using ACPI (MADT) for SMP configuration information
[    0.000000] smpboot: Allowing 2 CPUs, 0 hotplug CPUs
[    0.000000] PM: Registered nosave memory: [mem 0x00000000-0x00000fff]
[    0.000000] PM: Registered nosave memory: [mem 0x0009f000-0x0009ffff]
[    0.000000] PM: Registered nosave memory: [mem 0x000a0000-0x000effff]
[    0.000000] PM: Registered nosave memory: [mem 0x000f0000-0x000fffff]
[    0.000000] e820: [mem 0x40000000-0xfebfffff] available for PCI devices
[    0.000000] Booting paravirtualized kernel on KVM
[    0.000000] clocksource: refined-jiffies: mask: 0xffffffff max_cycles: 0xffffffff, max_idle_ns: 7645519600211568 ns
[    0.000000] setup_percpu: NR_CPUS:8192 nr_cpumask_bits:2 nr_cpu_ids:2 nr_node_ids:1
[    0.000000] percpu: Embedded 50 pages/cpu s167936 r8192 d28672 u1048576
[    0.000000] PV qspinlock hash table entries: 256 (order: 0, 4096 bytes)
[    0.000000] Built 1 zonelists, mobility grouping on.  Total pages: 257913
[    0.000000] Policy zone: DMA32
[    0.000000] Kernel command line: BOOT_IMAGE=/boot/vmlinuz-4.15.0-197-generic root=LABEL=cloudimg-rootfs ro console=tty1 console=ttyS0
[    0.000000] Memory: 982644K/1048120K available (12300K kernel code, 2477K rwdata, 4320K rodata, 2472K init, 2720K bss, 65476K reserved, 0K cma-reserved)
[    0.000000] SLUB: HWalign=64, Order=0-3, MinObjects=0, CPUs=2, Nodes=1
[    0.000000] ftrace: allocating 39478 entries in 155 pages
[    0.004000] Hierarchical RCU implementation.
[    0.004000] 	RCU restricting CPUs from NR_CPUS=8192 to nr_cpu_ids=2.
[    0.004000] 	Tasks RCU enabled.
[    0.004000] RCU: Adjusting geometry for rcu_fanout_leaf=16, nr_cpu_ids=2
[    0.004000] NR_IRQS: 524544, nr_irqs: 440, preallocated irqs: 16
[    0.004000] random: crng init done
[    0.004000] Console: colour VGA+ 80x25
[    0.004000] console [tty1] enabled
[    0.004000] console [ttyS0] enabled
[    0.004000] ACPI: Core revision 20170831
[    0.004000] ACPI: 2 ACPI AML tables successfully acquired and loaded
[    0.004000] APIC: Switch to symmetric I/O mode setup
[    0.004000] x2apic enabled
[    0.004000] Switched APIC routing to physical x2apic.
[    0.004000] ..TIMER: vector=0x30 apic1=0 pin1=2 apic2=-1 pin2=-1
[    0.004000] tsc: Detected 2495.308 MHz processor
[    0.004000] Calibrating delay loop (skipped) preset value.. 4990.61 BogoMIPS (lpj=9981232)
[    0.004000] pid_max: default: 32768 minimum: 301
[    0.004051] Security Framework initialized
[    0.004888] Yama: becoming mindful.
[    0.005665] AppArmor: AppArmor initialized
[    0.006875] Dentry cache hash table entries: 131072 (order: 8, 1048576 bytes)
[    0.008108] Inode-cache hash table entries: 65536 (order: 7, 524288 bytes)
[    0.009494] Mount-cache hash table entries: 2048 (order: 2, 16384 bytes)
[    0.010855] Mountpoint-cache hash table entries: 2048 (order: 2, 16384 bytes)
[    0.012482] Last level iTLB entries: 4KB 1024, 2MB 1024, 4MB 512
[    0.013680] Last level dTLB entries: 4KB 1536, 2MB 1536, 4MB 768, 1GB 0
[    0.016004] Spectre V1 : Mitigation: usercopy/swapgs barriers and __user pointer sanitization
[    0.017748] Spectre V2 : Mitigation: Retpolines
[    0.018691] Spectre V2 : Spectre v2 / SpectreRSB mitigation: Filling RSB on context switch
[    0.020307] Freeing SMP alternatives memory: 36K
[    0.132997] smpboot: CPU0: AMD Ryzen 3 2200U with Radeon Vega Mobile Gfx (family: 0x17, model: 0x11, stepping: 0x0)
[    0.135457] Performance Events: PMU not available due to virtualization, using software events only.
[    0.136071] Hierarchical SRCU implementation.
[    0.137937] NMI watchdog: Perf event create on CPU 0 failed with -2
[    0.140003] NMI watchdog: Perf NMI watchdog permanently disabled
[    0.141404] smp: Bringing up secondary CPUs ...
[    0.142534] x86: Booting SMP configuration:
[    0.144004] .... node  #0, CPUs:      #1
[    0.004000] kvm-clock: cpu 1, msr 0:3ff44041, secondary cpu clock
[    0.148035] smp: Brought up 1 node, 2 CPUs
[    0.148935] smpboot: Max logical packages: 1
[    0.149795] smpboot: Total of 2 processors activated (9981.23 BogoMIPS)
[    0.152196] devtmpfs: initialized
[    0.152196] x86/mm: Memory block size: 128MB
[    0.153262] evm: security.selinux
[    0.154012] evm: security.SMACK64
[    0.154780] evm: security.SMACK64EXEC
[    0.156003] evm: security.SMACK64TRANSMUTE
[    0.156885] evm: security.SMACK64MMAP
[    0.157663] evm: security.apparmor
[    0.158405] evm: security.ima
[    0.159102] evm: security.capability
[    0.160167] clocksource: jiffies: mask: 0xffffffff max_cycles: 0xffffffff, max_idle_ns: 7645041785100000 ns
[    0.162607] futex hash table entries: 512 (order: 3, 32768 bytes)
[    0.164280] pinctrl core: initialized pinctrl subsystem
[    0.165632] RTC time:  3:57:17, date: 11/30/22
[    0.166859] NET: Registered protocol family 16
[    0.168111] audit: initializing netlink subsys (disabled)
[    0.169340] audit: type=2000 audit(1669780642.351:1): state=initialized audit_enabled=0 res=1
[    0.172009] cpuidle: using governor ladder
[    0.172878] cpuidle: using governor menu
[    0.173141] ACPI: bus type PCI registered
[    0.173141] acpiphp: ACPI Hot Plug PCI Controller Driver version: 0.5
[    0.176119] PCI: Using configuration type 1 for base access
[    0.177273] PCI: Using configuration type 1 for extended access
[    0.181217] HugeTLB registered 2.00 MiB page size, pre-allocated 0 pages
[    0.181441] ACPI: Added _OSI(Module Device)
[    0.181441] ACPI: Added _OSI(Processor Device)
[    0.184005] ACPI: Added _OSI(3.0 _SCP Extensions)
[    0.184992] ACPI: Added _OSI(Processor Aggregator Device)
[    0.186094] ACPI: Added _OSI(Linux-Dell-Video)
[    0.187163] ACPI: Added _OSI(Linux-Lenovo-NV-HDMI-Audio)
[    0.188004] ACPI: Added _OSI(Linux-HPI-Hybrid-Graphics)
[    0.189557] ACPI: Executed 1 blocks of module-level executable AML code
[    0.196421] ACPI: Interpreter enabled
[    0.197252] ACPI: (supports S0 S5)
[    0.198072] ACPI: Using IOAPIC for interrupt routing
[    0.199489] PCI: Using host bridge windows from ACPI; if necessary, use "pci=nocrs" and report a bug
[    0.200209] ACPI: Enabled 2 GPEs in block 00 to 07
[    0.210648] ACPI: PCI Root Bridge [PCI0] (domain 0000 [bus 00-ff])
[    0.212031] acpi PNP0A03:00: _OSC: OS supports [ExtendedConfig ASPM ClockPM Segments MSI]
[    0.216744] acpi PNP0A03:00: _OSC: platform does not support [PCIeCapability]
[    0.219033] acpi PNP0A03:00: _OSC: not requesting control; platform does not support [PCIeCapability]
[    0.220018] acpi PNP0A03:00: _OSC: OS requested [PCIeHotplug PME AER PCIeCapability]
[    0.222033] acpi PNP0A03:00: _OSC: platform willing to grant [PCIeHotplug PME AER]
[    0.224014] acpi PNP0A03:00: _OSC failed (AE_SUPPORT); disabling ASPM
[    0.228011] PCI host bridge to bus 0000:00
[    0.229246] pci_bus 0000:00: root bus resource [io  0x0000-0x0cf7 window]
[    0.230619] pci_bus 0000:00: root bus resource [io  0x0d00-0xffff window]
[    0.232008] pci_bus 0000:00: root bus resource [mem 0x000a0000-0x000bffff window]
[    0.233593] pci_bus 0000:00: root bus resource [mem 0x40000000-0xfdffffff window]
[    0.236006] pci_bus 0000:00: root bus resource [bus 00-ff]
[    0.240121] pci 0000:00:01.1: legacy IDE quirk: reg 0x10: [io  0x01f0-0x01f7]
[    0.241835] pci 0000:00:01.1: legacy IDE quirk: reg 0x14: [io  0x03f6]
[    0.243160] pci 0000:00:01.1: legacy IDE quirk: reg 0x18: [io  0x0170-0x0177]
[    0.244013] pci 0000:00:01.1: legacy IDE quirk: reg 0x1c: [io  0x0376]
[    0.275169] pci 0000:00:07.0: quirk: [io  0x4000-0x403f] claimed by PIIX4 ACPI
[    0.276025] pci 0000:00:07.0: quirk: [io  0x4100-0x410f] claimed by PIIX4 SMB
[    0.291367] ACPI: PCI Interrupt Link [LNKA] (IRQs 5 9 10 *11)
[    0.292714] ACPI: PCI Interrupt Link [LNKB] (IRQs 5 9 *10 11)
[    0.296313] ACPI: PCI Interrupt Link [LNKC] (IRQs 5 *9 10 11)
[    0.298736] ACPI: PCI Interrupt Link [LNKD] (IRQs 5 9 10 *11)
[    0.300997] SCSI subsystem initialized
[    0.308155] pci 0000:00:02.0: vgaarb: setting as boot VGA device
[    0.310197] pci 0000:00:02.0: vgaarb: VGA device added: decodes=io+mem,owns=io+mem,locks=none
[    0.312035] pci 0000:00:02.0: vgaarb: bridge control possible
[    0.316016] vgaarb: loaded
[    0.317444] ACPI: bus type USB registered
[    0.318869] usbcore: registered new interface driver usbfs
[    0.320035] usbcore: registered new interface driver hub
[    0.321549] usbcore: registered new device driver usb
[    0.324126] EDAC MC: Ver: 3.0.0
[    0.328056] PCI: Using ACPI for IRQ routing
[    0.328527] NetLabel: Initializing
[    0.329459] NetLabel:  domain hash size = 128
[    0.330819] NetLabel:  protocols = UNLABELED CIPSOv4 CALIPSO
[    0.332051] NetLabel:  unlabeled traffic allowed by default
[    0.336135] clocksource: Switched to clocksource kvm-clock
[    0.348310] VFS: Disk quotas dquot_6.6.0
[    0.348310] VFS: Dquot-cache hash table entries: 512 (order 0, 4096 bytes)
[    0.348310] AppArmor: AppArmor Filesystem Enabled
[    0.348310] pnp: PnP ACPI init
[    0.348310] pnp: PnP ACPI: found 3 devices
[    0.374989] clocksource: acpi_pm: mask: 0xffffff max_cycles: 0xffffff, max_idle_ns: 2085701024 ns
[    0.376545] NET: Registered protocol family 2
[    0.376545] IP idents hash table entries: 16384 (order: 5, 131072 bytes)
[    0.381232] TCP established hash table entries: 8192 (order: 4, 65536 bytes)
[    0.383009] TCP bind hash table entries: 8192 (order: 5, 131072 bytes)
[    0.384633] TCP: Hash tables configured (established 8192 bind 8192)
[    0.386263] UDP hash table entries: 512 (order: 2, 16384 bytes)
[    0.387690] UDP-Lite hash table entries: 512 (order: 2, 16384 bytes)
[    0.388598] NET: Registered protocol family 1
[    0.388598] pci 0000:00:00.0: Limiting direct PCI/PCI transfers
[    0.388598] pci 0000:00:01.0: Activating ISA DMA hang workarounds
[    0.388598] pci 0000:00:02.0: Video device with shadowed ROM at [mem 0x000c0000-0x000dffff]
[    0.388598] Unpacking initramfs...
[    0.849431] Freeing initrd memory: 19536K
[    0.851253] clocksource: tsc: mask: 0xffffffffffffffff max_cycles: 0x23f7e97f934, max_idle_ns: 440795275125 ns
[    0.853559] platform rtc_cmos: registered platform RTC device (no PNP device found)
[    0.855198] Scanning for low memory corruption every 60 seconds
[    0.857537] Initialise system trusted keyrings
[    0.858679] Key type blacklist registered
[    0.860948] workingset: timestamp_bits=36 max_order=18 bucket_order=0
[    0.864926] zbud: loaded
[    0.867024] squashfs: version 4.0 (2009/01/31) Phillip Lougher
[    0.869302] fuse init (API version 7.26)
[    0.874658] Key type asymmetric registered
[    0.875989] Asymmetric key parser 'x509' registered
[    0.878219] Block layer SCSI generic (bsg) driver version 0.4 loaded (major 246)
[    0.880718] io scheduler noop registered
[    0.881646] io scheduler deadline registered
[    0.882580] io scheduler cfq registered (default)
[    0.884151] ACPI: AC Adapter [AC] (off-line)
[    0.885121] input: Power Button as /devices/LNXSYSTM:00/LNXPWRBN:00/input/input0
[    0.886687] ACPI: Power Button [PWRF]
[    0.887547] input: Sleep Button as /devices/LNXSYSTM:00/LNXSLPBN:00/input/input1
[    0.889824] ACPI: Sleep Button [SLPF]
[    0.892452] ACPI: Battery Slot [BAT0] (battery present)
[    0.894519] Serial: 8250/16550 driver, 32 ports, IRQ sharing enabled
[    0.917371] 00:02: ttyS0 at I/O 0x3f8 (irq = 4, base_baud = 115200) is a 16550A
[    0.923793] Linux agpgart interface v0.103
[    0.928191] loop: module loaded
[    0.930438] scsi host0: ata_piix
[    0.931440] scsi host1: ata_piix
[    0.932649] ata1: PATA max UDMA/33 cmd 0x1f0 ctl 0x3f6 bmdma 0xd000 irq 14
[    0.934726] ata2: PATA max UDMA/33 cmd 0x170 ctl 0x376 bmdma 0xd008 irq 15
[    0.936990] tun: Universal TUN/TAP device driver, 1.6
[    0.938465] PPP generic driver version 2.4.2
[    0.939512] ehci_hcd: USB 2.0 'Enhanced' Host Controller (EHCI) Driver
[    0.940832] ehci-pci: EHCI PCI platform driver
[    0.941788] ehci-platform: EHCI generic platform driver
[    0.942965] ohci_hcd: USB 1.1 'Open' Host Controller (OHCI) Driver
[    0.944506] ohci-pci: OHCI PCI platform driver
[    0.945531] ohci-platform: OHCI generic platform driver
[    0.946743] uhci_hcd: USB Universal Host Controller Interface driver
[    0.948187] i8042: PNP: PS/2 Controller [PNP0303:PS2K,PNP0f03:PS2M] at 0x60,0x64 irq 1,12
[    0.951278] serio: i8042 KBD port at 0x60,0x64 irq 1
[    0.952939] serio: i8042 AUX port at 0x60,0x64 irq 12
[    0.954873] mousedev: PS/2 mouse device common for all mice
[    0.957309] input: AT Translated Set 2 keyboard as /devices/platform/i8042/serio0/input/input2
[    0.959145] rtc_cmos rtc_cmos: rtc core: registered rtc_cmos as rtc0
[    0.960838] rtc_cmos rtc_cmos: alarms up to one day, 114 bytes nvram
[    0.962255] i2c /dev entries driver
[    0.963196] device-mapper: uevent: version 1.0.3
[    0.964434] device-mapper: ioctl: 4.37.0-ioctl (2017-09-20) initialised: dm-devel@redhat.com
[    0.966222] ledtrig-cpu: registered to indicate activity on CPUs
[    0.968272] NET: Registered protocol family 10
[    0.975308] Segment Routing with IPv6
[    0.976370] NET: Registered protocol family 17
[    0.977500] Key type dns_resolver registered
[    0.978919] mce: Using 0 MCE banks
[    0.979720] RAS: Correctable Errors collector initialized.
[    0.980895] sched_clock: Marking stable (980872911, 0)->(1213463110, -232590199)
[    0.983175] registered taskstats version 1
[    0.984188] Loading compiled-in X.509 certificates
[    0.988796] Loaded X.509 cert 'Build time autogenerated kernel key: ffc9dd3886e7b6bb89620497cc57c4262b59bc54'
[    0.991492] Loaded X.509 cert 'Canonical Ltd. Live Patch Signing: 14df34d1a87cf37625abec039ef2bf521249b969'
[    0.995699] Loaded X.509 cert 'Canonical Ltd. Kernel Module Signing: 88f752e560a1e0737e31163a466ad7b70a850c19'
[    0.998066] blacklist: Loading compiled-in revocation X.509 certificates
[    0.999477] Loaded X.509 cert 'Canonical Ltd. Secure Boot Signing: 61482aa2830d0ab2ad5af10b7250da9033ddcef0'
[    1.001433] zswap: loaded using pool lzo/zbud
[    1.007741] Key type big_key registered
[    1.009225] Key type trusted registered
[    1.013174] Key type encrypted registered
[    1.014060] AppArmor: AppArmor sha1 policy hashing enabled
[    1.015202] ima: No TPM chip found, activating TPM-bypass! (rc=-19)
[    1.016555] ima: Allocated hash algorithm: sha1
[    1.017516] evm: HMAC attrs: 0x1
[    1.018546]   Magic number: 14:45:969
[    1.019608] rtc_cmos rtc_cmos: setting system clock to 2022-11-30 03:57:18 UTC (1669780638)
[    1.021474] BIOS EDD facility v0.16 2004-Jun-25, 0 devices found
[    1.023374] EDD information not available.
[    1.138611] Freeing unused kernel image memory: 2472K
[    1.148091] Write protecting the kernel read-only data: 20480k
[    1.151602] Freeing unused kernel image memory: 2008K
[    1.154085] Freeing unused kernel image memory: 1824K
[    1.173394] x86/mm: Checked W+X mappings: passed, no W+X pages found.
Loading, please wait...
starting version 237
[    1.271612] Fusion MPT base driver 3.04.20
[    1.272812] Copyright (c) 1999-2008 LSI Corporation
[    1.274531] e1000: Intel(R) PRO/1000 Network Driver - version 7.3.21-k8-NAPI
[    1.277085] e1000: Copyright (c) 1999-2006 Intel Corporation.
[    1.288190] Fusion MPT SPI Host driver 3.04.20
[    1.307050] AVX2 version of gcm_enc/dec engaged.
[    1.308425] AES CTR mode by8 optimization enabled
[    1.491513] input: ImExPS/2 Generic Explorer Mouse as /devices/platform/i8042/serio1/input/input4
[    1.716268] e1000 0000:00:03.0 eth0: (PCI:33MHz:32-bit) 02:a6:12:9f:2a:1a
[    1.718769] e1000 0000:00:03.0 eth0: Intel(R) PRO/1000 Network Connection
[    1.724167] e1000 0000:00:03.0 enp0s3: renamed from eth0
[    1.724314] mptbase: ioc0: Initiating bringup
[    2.373479] ioc0: LSI53C1030 A0: Capabilities={Initiator}
[    2.619128] scsi host2: ioc0: LSI53C1030 A0, FwRev=00000000h, Ports=1, MaxQ=256, IRQ=20
[    3.648671] scsi 2:0:0:0: Direct-Access     VBOX     HARDDISK         1.0  PQ: 0 ANSI: 5
[    3.697719] scsi target2:0:0: Beginning Domain Validation
[    3.701449] scsi target2:0:0: Domain Validation skipping write tests
[    3.703314] scsi target2:0:0: Ending Domain Validation
[    3.705023] scsi target2:0:0: asynchronous
[    3.707416] scsi 2:0:1:0: Direct-Access     VBOX     HARDDISK         1.0  PQ: 0 ANSI: 5
[    3.960070] scsi target2:0:1: Beginning Domain Validation
[    3.964428] scsi target2:0:1: Domain Validation skipping write tests
[    3.966636] scsi target2:0:1: Ending Domain Validation
[    3.968603] scsi target2:0:1: asynchronous
[    3.977721] sd 2:0:0:0: Attached scsi generic sg0 type 0
[    3.981562] sd 2:0:0:0: [sda] 83886080 512-byte logical blocks: (42.9 GB/40.0 GiB)
[    3.981944] sd 2:0:1:0: [sdb] 20480 512-byte logical blocks: (10.5 MB/10.0 MiB)
[    3.987334] sd 2:0:1:0: Attached scsi generic sg1 type 0
[    3.991427] sd 2:0:1:0: [sdb] Write Protect is off
[    3.993727] sd 2:0:0:0: [sda] Write Protect is off
[    3.998717] sd 2:0:0:0: [sda] Incomplete mode parameter data
[    3.998848] sd 2:0:1:0: [sdb] Incomplete mode parameter data
[    4.001346] sd 2:0:0:0: [sda] Assuming drive cache: write through
[    4.003944] sd 2:0:1:0: [sdb] Assuming drive cache: write through
[    4.011922]  sda: sda1
[    4.014144] sd 2:0:1:0: [sdb] Attached SCSI disk
[    4.014150] sd 2:0:0:0: [sda] Attached SCSI disk
Begin: Loading essential drivers ... [    6.160138] raid6: sse2x1   gen()  3856 MB/s
[    6.208036] raid6: sse2x1   xor()  2956 MB/s
[    6.256026] raid6: sse2x2   gen()  6129 MB/s
[    6.304158] raid6: sse2x2   xor()  3480 MB/s
[    6.360589] raid6: sse2x4   gen()  4582 MB/s
[    6.408212] raid6: sse2x4   xor()  4230 MB/s
[    6.456173] raid6: avx2x1   gen()  9479 MB/s
[    6.504013] raid6: avx2x1   xor()  6429 MB/s
[    6.552399] raid6: avx2x2   gen() 14641 MB/s
[    6.600120] raid6: avx2x2   xor()  7893 MB/s
[    6.648303] raid6: avx2x4   gen() 14867 MB/s
[    6.696039] raid6: avx2x4   xor()  6738 MB/s
[    6.697054] raid6: using algorithm avx2x4 gen() 14867 MB/s
[    6.698176] raid6: .... xor() 6738 MB/s, rmw enabled
[    6.699232] raid6: using avx2x2 recovery algorithm
[    6.702461] xor: automatically using best checksumming function   avx       
[    6.706542] async_tx: api initialized (async)
done.
Begin: Running /scripts/init-premount ... done.
Begin: Mounting root file system ... Begin: Running /scripts/local-top ... done.
Begin: Running /scripts/local-premount ... [    6.788669] Btrfs loaded, crc32c=crc32c-intel
Scanning for Btrfs filesystems
done.
Warning: fsck not present, so skipping root file system
[    6.837203] EXT4-fs (sda1): INFO: recovery required on readonly filesystem
[    6.838692] EXT4-fs (sda1): write access will be enabled during recovery
[    6.913263] EXT4-fs (sda1): recovery complete
[    6.914939] EXT4-fs (sda1): mounted filesystem with ordered data mode. Opts: (null)
done.
Begin: Running /scripts/local-bottom ... done.
Begin: Running /scripts/init-bottom ... done.
[    7.113987] ip_tables: (C) 2000-2006 Netfilter Core Team
[    7.126216] systemd[1]: systemd 237 running in system mode. (+PAM +AUDIT +SELINUX +IMA +APPARMOR +SMACK +SYSVINIT +UTMP +LIBCRYPTSETUP +GCRYPT +GNUTLS +ACL +XZ +LZ4 +SECCOMP +BLKID +ELFUTILS +KMOD -IDN2 +IDN -PCRE2 default-hierarchy=hybrid)
[    7.133122] systemd[1]: Detected virtualization oracle.
[    7.134917] systemd[1]: Detected architecture x86-64.

Welcome to [1mUbuntu 18.04.6 LTS[0m!

[    7.467020] systemd[1]: Set hostname to <ubuntu-bionic>.
[    7.822393] systemd[1]: Reached target System Time Synchronized.
[[0;32m  OK  [0m] Reached target System Time Synchronized.
[    7.824835] systemd[1]: Reached target Swap.
[[0;32m  OK  [0m] Reached target Swap.
[    7.828292] systemd[1]: Created slice System Slice.
[[0;32m  OK  [0m] Created slice System Slice.
[    7.830272] systemd[1]: Listening on Device-mapper event daemon FIFOs.
[[0;32m  OK  [0m] Listening on Device-mapper event daemon FIFOs.
[    7.832915] systemd[1]: Listening on udev Control Socket.
[[0;32m  OK  [0m] Listening on udev Control Socket.
[    7.834939] systemd[1]: Reached target User and Group Name Lookups.
[[0;32m  OK  [0m] Reached target User and Group Name Lookups.
[[0;32m  OK  [0m] Listening on Syslog Socket.
[[0;32m  OK  [0m] Listening on Network Service Netlink Socket.
[[0;32m  OK  [0m] Listening on Journal Socket (/dev/log).
[[0;32m  OK  [0m] Listening on /dev/initctl Compatibility Named Pipe.
[[0;32m  OK  [0m] Listening on LVM2 poll daemon socket.
[[0;32m  OK  [0m] Listening on LVM2 metadata daemon socket.
[[0;32m  OK  [0m] Set up automount Arbitrary Executabâ€¦rmats File System Automount Point.
[[0;32m  OK  [0m] Listening on Journal Socket.
         Mounting POSIX Message Queue File System...
         Starting Create list of required stâ€¦ce nodes for the current kernel...
         Starting Uncomplicated firewall...
         Starting Monitoring of LVM2 mirrorsâ€¦ng dmeventd or progress polling...
         Mounting Huge Pages File System...
[[0;32m  OK  [0m] Started Forward Password Requests to Wall Directory Watch.
[[0;32m  OK  [0m] Created slice User and Session Slice.
[[0;32m  OK  [0m] Reached target Slices.
[[0;32m  OK  [0m] Listening on fsck to fsckd communication Socket.
         Starting File System Check on Root Device...
         Starting Load Kernel Modules...
         Starting Set the console keyboard layout...
[[0;32m  OK  [0m] Listening on Journal Audit Socket.
         Starting Journal Service...
[[0;32m  OK  [0m] Listening on udev Kernel Socket.
         Starting udev Coldplug all Devices...
         Mounting Kernel Debug File System...
[[0;32m  OK  [0m] Created slice system-serial\x2dgetty.slice.
[[0;32m  OK  [0m] Mounted POSIX Message Queue File System.
[[0;32m  OK  [0m] Started Create list of required staâ€¦vice nodes for the current kernel.
[[0;32m  OK  [0m] Started Uncomplicated firewall.
[[0;32m  OK  [0m] Mounted Huge Pages File System.
[[0;32m  OK  [0m] Mounted Kernel Debug File System.
[[0;32m  OK  [0m] Started LVM2 metadata daemon.
[[0;32m  OK  [0m] Started File System Check Daemon to report status.
         Starting Create Static Device Nodes in /dev...
[    8.157343] Loading iSCSI transport class v2.0-870.
[[0;32m  OK  [0m] Started Journal Service.
[[0;32m  OK  [0m] Started File System Check on Root Device.
[[0;32m  OK  [0m] Started udev Coldplug all Devices.
         Starting Remount Root and Kernel File Systems...
[[0;32m  OK  [0m] Started Create Static Device Nodes in /dev.
[    8.234621] iscsi: registered transport (tcp)
[[0;32m  OK  [0m] Started Monitoring of LVM2 mirrors,â€¦sing dmeventd or progress polling.
[    8.288644] iscsi: registered transport (iser)
[    8.291390] EXT4-fs (sda1): re-mounted. Opts: (null)
[[0;32m  OK  [0m] Started Load Kernel Modules.
[[0;32m  OK  [0m] Started Remount Root and Kernel File Systems.
         Starting Flush Journal to Persistent Storage...
         Starting udev Kernel Device Manager...
         Starting Load/Save Random Seed...
         Mounting Kernel Configuration File System...
         Mounting FUSE Control File System...
         Starting Apply Kernel Variables...
[[0;32m  OK  [0m] Mounted Kernel Configuration File System.
[[0;32m  OK  [0m] Mounted FUSE Control File System.
[    8.341265] systemd-journald[405]: Received request to flush runtime journal from PID 1
[[0;32m  OK  [0m] Started Load/Save Random Seed.
[[0;32m  OK  [0m] Started udev Kernel Device Manager.
[[0;32m  OK  [0m] Started Apply Kernel Variables.
[[0;32m  OK  [0m] Started Set the console keyboard layout.
[[0;32m  OK  [0m] Started Dispatch Password Requests to Console Directory Watch.
[[0;32m  OK  [0m] Reached target Local Encrypted Volumes.
[[0;32m  OK  [0m] Reached target Local File Systems (Pre).
[[0;32m  OK  [0m] Reached target Local File Systems.
         Starting Tell Plymouth To Write Out Runtime Data...
         Starting Set console font and keymap...
         Starting ebtables ruleset management...
         Starting AppArmor initialization...
[[0;32m  OK  [0m] Started Flush Journal to Persistent Storage.
[[0;32m  OK  [0m] Started Set console font and keymap.
         Starting Create Volatile Files and Directories...
[[0;32m  OK  [0m] Started Tell Plymouth To Write Out Runtime Data.
[[0;32m  OK  [0m] Started Create Volatile Files and Directories.
         Starting Update UTMP about System Boot/Shutdown...
[[0;32m  OK  [0m] Started Update UTMP about System Boot/Shutdown.
[[0;32m  OK  [0m] Started ebtables ruleset management.
[[0;32m  OK  [0m] Found device /dev/ttyS0.
[[0;32m  OK  [0m] Started AppArmor initialization.
         Starting Load AppArmor profiles managed internally by snapd...
         Starting Initial cloud-init job (pre-networking)...
         Mounting Arbitrary Executable File Formats File System...
[[0;32m  OK  [0m] Mounted Arbitrary Executable File Formats File System.
[[0;32m  OK  [0m] Listening on Load/Save RF Kill Switch Status /dev/rfkill Watch.
[[0;32m  OK  [0m] Started Load AppArmor profiles managed internally by snapd.
[   10.651438] cloud-init[532]: Cloud-init v. 22.3.4-0ubuntu1~18.04.1 running 'init-local' at Wed, 30 Nov 2022 03:57:27 +0000. Up 10.40 seconds.
[[0;32m  OK  [0m] Started Initial cloud-init job (pre-networking).
[[0;32m  OK  [0m] Reached target Network (Pre).
         Starting Network Service...
[[0;32m  OK  [0m] Started Network Service.
         Starting Network Name Resolution...
         Starting Wait for Network to be Configured...
[[0;32m  OK  [0m] Started Network Name Resolution.
[[0;32m  OK  [0m] Reached target Host and Network Name Lookups.
[[0;32m  OK  [0m] Reached target Network.
[[0;32m  OK  [0m] Started Wait for Network to be Configured.
         Starting Initial cloud-init job (metadata service crawler)...
[   13.111890] cloud-init[676]: Cloud-init v. 22.3.4-0ubuntu1~18.04.1 running 'init' at Wed, 30 Nov 2022 03:57:30 +0000. Up 12.88 seconds.
[   13.114185] cloud-init[676]: ci-info: ++++++++++++++++++++++++++++++++++++++Net device info++++++++++++++++++++++++++++++++++++++
[   13.117517] cloud-init[676]: ci-info: +--------+------+----------------------------+---------------+--------+-------------------+
[   13.120833] cloud-init[676]: ci-info: | Device |  Up  |          Address           |      Mask     | Scope  |     Hw-Address    |
[   13.132415] cloud-init[676]: ci-info: +--------+------+----------------------------+---------------+--------+-------------------+
[   13.134501] cloud-init[676]: ci-info: | enp0s3 | True |         10.0.2.15          | 255.255.255.0 | global | 02:a6:12:9f:2a:1a |
[   13.136666] cloud-init[676]: ci-info: | enp0s3 | True | fe80::a6:12ff:fe9f:2a1a/64 |       .       |  link  | 02:a6:12:9f:2a:1a |
[   13.138589] cloud-init[676]: ci-info: |   lo   | True |         127.0.0.1          |   255.0.0.0   |  host  |         .         |
[   13.141299] cloud-init[676]: ci-info: |   lo   | True |          ::1/128           |       .       |  host  |         .         |
[   13.143396] cloud-init[676]: ci-info: +--------+------+----------------------------+---------------+--------+-------------------+
[   13.145480] cloud-init[676]: ci-info: ++++++++++++++++++++++++++++Route IPv4 info+++++++++++++++++++++++++++++
[   13.156783] cloud-init[676]: ci-info: +-------+-------------+----------+-----------------+-----------+-------+
[   13.168427] cloud-init[676]: ci-info: | Route | Destination | Gateway  |     Genmask     | Interface | Flags |
[   13.180364] cloud-init[676]: ci-info: +-------+-------------+----------+-----------------+-----------+-------+
[   13.182320] cloud-init[676]: ci-info: |   0   |   0.0.0.0   | 10.0.2.2 |     0.0.0.0     |   enp0s3  |   UG  |
[   13.184471] cloud-init[676]: ci-info: |   1   |   10.0.2.0  | 0.0.0.0  |  255.255.255.0  |   enp0s3  |   U   |
[   13.187168] cloud-init[676]: ci-info: |   2   |   10.0.2.2  | 0.0.0.0  | 255.255.255.255 |   enp0s3  |   UH  |
[   13.189243] cloud-init[676]: ci-info: +-------+-------------+----------+-----------------+-----------+-------+
[   13.191050] cloud-init[676]: ci-info: +++++++++++++++++++Route IPv6 info+++++++++++++++++++
[   13.192569] cloud-init[676]: ci-info: +-------+-------------+---------+-----------+-------+
[   13.194879] cloud-init[676]: ci-info: | Route | Destination | Gateway | Interface | Flags |
[   13.196292] cloud-init[676]: ci-info: +-------+-------------+---------+-----------+-------+
[   13.197652] cloud-init[676]: ci-info: |   1   |  fe80::/64  |    ::   |   enp0s3  |   U   |
[   13.199675] cloud-init[676]: ci-info: |   3   |    local    |    ::   |   enp0s3  |   U   |
[   13.201470] cloud-init[676]: ci-info: |   4   |   ff00::/8  |    ::   |   enp0s3  |   U   |
[   13.202380] cloud-init[676]: ci-info: +-------+-------------+---------+-----------+-------+
[[0;32m  OK  [0m] Started Initial cloud-init job (metadata service crawler).
[[0;32m  OK  [0m] Reached target Network is Online.
         Starting Availability of block devices...
[[0;32m  OK  [0m] Reached target Remote File Systems (Pre).
         Mounting /vagrant...
[[0;32m  OK  [0m] Reached target Cloud-config availability.
[[0;32m  OK  [0m] Reached target System Initialization.
         Starting Socket activation for snappy daemon.
[[0;32m  OK  [0m] Listening on cloud-init hotplug hook socket.
[[0;32m  OK  [0m] Listening on ACPID Listen Socket.
[[0;32m  OK  [0m] Started Discard unused blocks once a week.
[[0;32m  OK  [0m] Started Ubuntu Advantage Timer for running repeated jobs.
[[0;32m  OK  [0m] Listening on D-Bus System Message Bus Socket.
[[0;32m  OK  [0m] Started ACPI Events Check.
[[0;32m  OK  [0m] Reached target Paths.
         Starting LXD - unix socket.
[[0;32m  OK  [0m] Started Message of the Day.
[[0;32m  OK  [0m] Started Daily Cleanup of Temporary Directories.
[[0;32m  OK  [0m] Started Daily apt upgrade and clean activities.
[[0;32m  OK  [0m] Reached target Timers.
[[0;32m  OK  [0m] Listening on UUID daemon activation socket.
[[0;32m  OK  [0m] Listening on Open-iSCSI iscsid Socket.
[[0;32m  OK  [0m] Started Availability of block devices.
[[0;32m  OK  [0m] Mounted /vagrant.
[[0;32m  OK  [0m] Listening on Socket activation for snappy daemon.
[[0;32m  OK  [0m] Listening on LXD - unix socket.
[[0;32m  OK  [0m] Reached target Sockets.
[[0;32m  OK  [0m] Reached target Basic System.
         Starting Message of the Day...
[[0;32m  OK  [0m] Started Deferred execution scheduler.
[[0;32m  OK  [0m] Started Regular background program processing daemon.
[[0;32m  OK  [0m] Started FUSE filesystem for LXC.
         Starting Accounts Service...
         Starting System Logging Service...
[[0;32m  OK  [0m] Started D-Bus System Message Bus.
[[0;32m  OK  [0m] Reached target Login Prompts (Pre).
         Starting Login Service...
         Starting Virtualbox guest utils...
[[0;32m  OK  [0m] Started irqbalance daemon.
         Starting Dispatcher daemon for systemd-networkd...
         Starting LXD - container startup/shutdown...
         Starting LSB: Record successful boot for GRUB...
         Starting OpenBSD Secure Shell server...
         Starting Snap Daemon...
[[0;32m  OK  [0m] Reached target Remote File Systems.
         Starting LSB: automatic crash report generation...
         Starting Permit User Sessions...
[[0;32m  OK  [0m] Started System Logging Service.
[[0;32m  OK  [0m] Started Permit User Sessions.
[[0;32m  OK  [0m] Started Login Service.
[[0;32m  OK  [0m] Started Unattended Upgrades Shutdown.
         Starting Hold until boot process finishes up...
         Starting Terminate Plymouth Boot Screen...
         Starting Authorization Manager...
[[0;32m  OK  [0m] Started Hold until boot process finishes up.
[[0;32m  OK  [0m] Started Terminate Plymouth Boot Screen.
[[0;32m  OK  [0m] Started Serial Getty on ttyS0.
         Starting Set console scheme...
[[0;32m  OK  [0m] Started OpenBSD Secure Shell server.
[[0;32m  OK  [0m] Started Set console scheme.
[[0;32m  OK  [0m] Created slice system-getty.slice.
[[0;32m  OK  [0m] Started Getty on tty1.
[[0;32m  OK  [0m] Reached target Login Prompts.
[[0;32m  OK  [0m] Started LXD - container startup/shutdown.
[[0;32m  OK  [0m] Started Authorization Manager.
[[0;32m  OK  [0m] Started Accounts Service.
[[0;32m  OK  [0m] Started LSB: Record successful boot for GRUB.
[[0;32m  OK  [0m] Started LSB: automatic crash report generation.
[[0;32m  OK  [0m] Started Virtualbox guest utils.
[[0;32m  OK  [0m] Created slice User Slice of vagrant.
         Starting User Manager for UID 1000...
[[0;32m  OK  [0m] Started Session 1 of user vagrant.
[[0;32m  OK  [0m] Started Dispatcher daemon for systemd-networkd.
[[0;32m  OK  [0m] Started Snap Daemon.
         Starting Wait until snapd is fully seeded...
[[0;32m  OK  [0m] Started User Manager for UID 1000.
         Starting Time & Date Service...
[[0;32m  OK  [0m] Started Time & Date Service.
[[0;32m  OK  [0m] Started Wait until snapd is fully seeded.
         Starting Apply the settings specified in cloud-config...
[[0;32m  OK  [0m] Started Message of the Day.
[   18.375884] cloud-init[1073]: Cloud-init v. 22.3.4-0ubuntu1~18.04.1 running 'modules:config' at Wed, 30 Nov 2022 03:57:35 +0000. Up 17.90 seconds.
[[0;32m  OK  [0m] Started Apply the settings specified in cloud-config.
[[0;32m  OK  [0m] Reached target Multi-User System.
[[0;32m  OK  [0m] Reached target Graphical Interface.
         Starting Update UTMP about System Runlevel Changes...
         Starting Execute cloud user/final scripts...
[[0;32m  OK  [0m] Started Update UTMP about System Runlevel Changes.
[   20.214158] cloud-init[1221]: Cloud-init v. 22.3.4-0ubuntu1~18.04.1 running 'modules:final' at Wed, 30 Nov 2022 03:57:37 +0000. Up 19.81 seconds.
[   20.218042] cloud-init[1221]: Cloud-init v. 22.3.4-0ubuntu1~18.04.1 finished at Wed, 30 Nov 2022 03:57:37 +0000. Datasource DataSourceNoCloud [seed=/dev/sdb][dsmode=net].  Up 20.19 seconds

Ubuntu 18.04.6 LTS ubuntu-bionic ttyS0

ubuntu-bionic login: 